#
# There is insufficient memory for the Java Runtime Environment to continue.
# Native memory allocation (mmap) failed to map 427819008 bytes. Error detail: G1 virtual space
# Possible reasons:
#   The system is out of physical RAM or swap space
#   This process is running with CompressedOops enabled, and the Java Heap may be blocking the growth of the native heap
# Possible solutions:
#   Reduce memory load on the system
#   Increase physical memory or swap space
#   Check if swap backing store is full
#   Decrease Java heap size (-Xmx/-Xms)
#   Decrease number of Java threads
#   Decrease Java thread stack sizes (-Xss)
#   Set larger code cache with -XX:ReservedCodeCacheSize=
#   JVM is running with Zero Based Compressed Oops mode in which the Java heap is
#     placed in the first 32GB address space. The Java Heap base address is the
#     maximum limit for the native heap growth. Please use -XX:HeapBaseMinAddress
#     to set the Java Heap base and to place the Java Heap above 32GB virtual address.
# This output file may be truncated or incomplete.
#
#  Out of Memory Error (os_windows.cpp:3554), pid=17720, tid=15428
#
# JRE version: OpenJDK Runtime Environment Temurin-25.0.1+8 (25.0.1+8) (build 25.0.1+8-LTS)
# Java VM: OpenJDK 64-Bit Server VM Temurin-25.0.1+8 (25.0.1+8-LTS, mixed mode, sharing, tiered, compressed oops, compressed class ptrs, g1 gc, windows-amd64)
# No core dump will be written. Minidumps are not enabled by default on client versions of Windows
#

---------------  S U M M A R Y ------------

Command Line: --add-opens=java.base/java.lang=ALL-UNNAMED --add-opens=java.base/java.lang.invoke=ALL-UNNAMED --add-opens=java.base/java.util=ALL-UNNAMED --add-opens=java.prefs/java.util.prefs=ALL-UNNAMED --add-exports=jdk.compiler/com.sun.tools.javac.api=ALL-UNNAMED --add-exports=jdk.compiler/com.sun.tools.javac.util=ALL-UNNAMED --add-opens=java.base/java.util=ALL-UNNAMED --add-opens=java.prefs/java.util.prefs=ALL-UNNAMED --add-opens=java.base/java.nio.charset=ALL-UNNAMED --add-opens=java.base/java.net=ALL-UNNAMED --add-opens=java.base/java.util.concurrent=ALL-UNNAMED --add-opens=java.base/java.util.concurrent.atomic=ALL-UNNAMED --add-opens=java.xml/javax.xml.namespace=ALL-UNNAMED --add-opens=java.base/java.time=ALL-UNNAMED --enable-native-access=ALL-UNNAMED -XX:MaxMetaspaceSize=4G -XX:ReservedCodeCacheSize=512m -XX:+HeapDumpOnOutOfMemoryError -Xmx8G -Dfile.encoding=UTF-8 -Duser.country=BR -Duser.language=pt -Duser.variant -javaagent:C:\Users\vitor\.gradle\wrapper\dists\gradle-9.1.0-all\7wzd0jkjit61aq2p43wpjgij9\gradle-9.1.0\lib\agents\gradle-instrumentation-agent-9.1.0.jar org.gradle.launcher.daemon.bootstrap.GradleDaemon 9.1.0

Host: 12th Gen Intel(R) Core(TM) i5-12400, 12 cores, 3G,  Windows 11 , 64 bit Build 26100 (10.0.26100.8521)
Time: Mon Jun 15 21:53:35 2026 Hora oficial do Brasil elapsed time: 50.822355 seconds (0d 0h 0m 50s)

---------------  T H R E A D  ---------------

Current thread (0x0000026c7f3b0e50):  VMThread "VM Thread"          [id=15428, stack(0x000000b9d9300000,0x000000b9d9400000) (1024K)]

Stack: [0x000000b9d9300000,0x000000b9d9400000]
Native frames: (J=compiled Java code, j=interpreted, Vv=VM code, C=native code)
V  [jvm.dll+0x7a8379]  (no source info available)
V  [jvm.dll+0x7729fd]  (no source info available)
V  [jvm.dll+0x9f57b3]  (no source info available)
V  [jvm.dll+0x9f7da1]  (no source info available)
V  [jvm.dll+0x9f84a3]  (no source info available)
V  [jvm.dll+0x2fcd26]  (no source info available)
V  [jvm.dll+0x7a45a5]  (no source info available)
V  [jvm.dll+0x797a07]  (no source info available)
V  [jvm.dll+0x3f4cb8]  (no source info available)
V  [jvm.dll+0x3fcbf6]  (no source info available)
V  [jvm.dll+0x3e938e]  (no source info available)
V  [jvm.dll+0x3e9648]  (no source info available)
V  [jvm.dll+0x3c0b15]  (no source info available)
V  [jvm.dll+0x3c0baa]  (no source info available)
V  [jvm.dll+0x40d9b6]  (no source info available)
V  [jvm.dll+0x40c2c8]  (no source info available)
V  [jvm.dll+0x3c0247]  (no source info available)
V  [jvm.dll+0x40b6cf]  (no source info available)
V  [jvm.dll+0x9fe6d2]  (no source info available)
V  [jvm.dll+0x9ff9f1]  (no source info available)
V  [jvm.dll+0x9fff68]  (no source info available)
V  [jvm.dll+0xa00203]  (no source info available)
V  [jvm.dll+0x99630d]  (no source info available)
V  [jvm.dll+0x7a6955]  (no source info available)
C  [ucrtbase.dll+0x2cd30]  (no source info available)
C  [KERNEL32.DLL+0x2e957]  (no source info available)
C  [ntdll.dll+0x87c1c]  (no source info available)

VM_Operation (0x000000b9da6f2280): G1CollectForAllocation, mode: safepoint, requested by thread 0x0000026c062a7650


---------------  P R O C E S S  ---------------

Threads class SMR info:
_java_thread_list=0x0000026c09656140, length=44, elements={
0x0000026c4be12e30, 0x0000026c7f3c1860, 0x0000026c7f3c22c0, 0x0000026c7f3c3640,
0x0000026c7f3c8250, 0x0000026c7f3c5190, 0x0000026c7f3c5fd0, 0x0000026c7f3f77d0,
0x0000026c7f400b90, 0x0000026c06168fa0, 0x0000026c061ecef0, 0x0000026c07b581f0,
0x0000026c07d53ea0, 0x0000026c08211360, 0x0000026c07cf21d0, 0x0000026c7f3f1210,
0x0000026c7f3f3920, 0x0000026c062a7650, 0x0000026c062a4f40, 0x0000026c062a9590,
0x0000026c062ac470, 0x0000026c07c6ef50, 0x0000026c07c6f720, 0x0000026c07c706c0,
0x0000026c07c6d7e0, 0x0000026c07c73d70, 0x0000026c07c71660, 0x0000026c0704df20,
0x0000026c07050e00, 0x0000026c070515d0, 0x0000026c07051da0, 0x0000026c07052d40,
0x0000026c07053510, 0x0000026c07055450, 0x0000026c07de8b60, 0x0000026c07de8390,
0x0000026c07de9b00, 0x0000026c07c74d10, 0x0000026c09693210, 0x0000026c09695150,
0x0000026c09692270, 0x0000026c09698800, 0x0000026c09697860, 0x0000026c0ad5ea10
}

Java Threads: ( => current thread )
  0x0000026c4be12e30 JavaThread "main"                              [_thread_blocked, id=18280, stack(0x000000b9d8c00000,0x000000b9d8d00000) (1024K)]
  0x0000026c7f3c1860 JavaThread "Reference Handler"          daemon [_thread_blocked, id=18292, stack(0x000000b9d9400000,0x000000b9d9500000) (1024K)]
  0x0000026c7f3c22c0 JavaThread "Finalizer"                  daemon [_thread_blocked, id=1380, stack(0x000000b9d9500000,0x000000b9d9600000) (1024K)]
  0x0000026c7f3c3640 JavaThread "Signal Dispatcher"          daemon [_thread_blocked, id=17932, stack(0x000000b9d9600000,0x000000b9d9700000) (1024K)]
  0x0000026c7f3c8250 JavaThread "Attach Listener"            daemon [_thread_blocked, id=17836, stack(0x000000b9d9700000,0x000000b9d9800000) (1024K)]
  0x0000026c7f3c5190 JavaThread "Service Thread"             daemon [_thread_blocked, id=17848, stack(0x000000b9d9800000,0x000000b9d9900000) (1024K)]
  0x0000026c7f3c5fd0 JavaThread "Monitor Deflation Thread"   daemon [_thread_blocked, id=3840, stack(0x000000b9d9900000,0x000000b9d9a00000) (1024K)]
  0x0000026c7f3f77d0 JavaThread "C2 CompilerThread0"         daemon [_thread_blocked, id=5036, stack(0x000000b9d9a00000,0x000000b9d9b00000) (1024K)]
  0x0000026c7f400b90 JavaThread "C1 CompilerThread0"         daemon [_thread_blocked, id=5096, stack(0x000000b9d9b00000,0x000000b9d9c00000) (1024K)]
  0x0000026c06168fa0 JavaThread "Common-Cleaner"             daemon [_thread_blocked, id=12116, stack(0x000000b9d9c00000,0x000000b9d9d00000) (1024K)]
  0x0000026c061ecef0 JavaThread "Notification Thread"        daemon [_thread_blocked, id=12524, stack(0x000000b9d9d00000,0x000000b9d9e00000) (1024K)]
  0x0000026c07b581f0 JavaThread "Daemon health stats"               [_thread_blocked, id=9612, stack(0x000000b9da000000,0x000000b9da100000) (1024K)]
  0x0000026c07d53ea0 JavaThread "Incoming local TCP Connector on port 57261"        [_thread_in_native, id=14456, stack(0x000000b9da100000,0x000000b9da200000) (1024K)]
  0x0000026c08211360 JavaThread "Daemon periodic checks"            [_thread_blocked, id=14824, stack(0x000000b9da200000,0x000000b9da300000) (1024K)]
  0x0000026c07cf21d0 JavaThread "Daemon"                            [_thread_blocked, id=9680, stack(0x000000b9da300000,0x000000b9da400000) (1024K)]
  0x0000026c7f3f1210 JavaThread "Handler for socket connection from /127.0.0.1:57261 to /127.0.0.1:57262"        [_thread_in_native, id=2932, stack(0x000000b9da400000,0x000000b9da500000) (1024K)]
  0x0000026c7f3f3920 JavaThread "Cancel handler"                    [_thread_blocked, id=18072, stack(0x000000b9da500000,0x000000b9da600000) (1024K)]
  0x0000026c062a7650 JavaThread "Daemon worker"                     [_thread_blocked, id=18000, stack(0x000000b9da600000,0x000000b9da700000) (1024K)]
  0x0000026c062a4f40 JavaThread "Asynchronous log dispatcher for DefaultDaemonConnection: socket connection from /127.0.0.1:57261 to /127.0.0.1:57262"        [_thread_blocked, id=1640, stack(0x000000b9da700000,0x000000b9da800000) (1024K)]
  0x0000026c062a9590 JavaThread "Stdin handler"                     [_thread_blocked, id=5104, stack(0x000000b9da800000,0x000000b9da900000) (1024K)]
  0x0000026c062ac470 JavaThread "Daemon client event forwarder"        [_thread_blocked, id=14352, stack(0x000000b9db000000,0x000000b9db100000) (1024K)]
  0x0000026c07c6ef50 JavaThread "Cache worker for journal cache (C:\Users\vitor\.gradle\caches\journal-1)"        [_thread_blocked, id=9440, stack(0x000000b9db100000,0x000000b9db200000) (1024K)]
  0x0000026c07c6f720 JavaThread "File lock request listener"        [_thread_in_native, id=5448, stack(0x000000b9db200000,0x000000b9db300000) (1024K)]
  0x0000026c07c706c0 JavaThread "Cache worker for file hash cache (C:\Users\vitor\.gradle\caches\9.1.0\fileHashes)"        [_thread_blocked, id=15656, stack(0x000000b9db300000,0x000000b9db400000) (1024K)]
  0x0000026c07c6d7e0 JavaThread "Cache worker for file hash cache (C:\Users\vitor\OneDrive\Documentos\GitHub\Lumikids\Lumikids\app_lumikids\android\.gradle\9.1.0\fileHashes)"        [_thread_blocked, id=16624, stack(0x000000b9db400000,0x000000b9db500000) (1024K)]
  0x0000026c07c73d70 JavaThread "Cache worker for Build Output Cleanup Cache (C:\Users\vitor\OneDrive\Documentos\GitHub\Lumikids\Lumikids\app_lumikids\android\.gradle\buildOutputCleanup)"        [_thread_blocked, id=11520, stack(0x000000b9db700000,0x000000b9db800000) (1024K)]
  0x0000026c07c71660 JavaThread "File watcher server"        daemon [_thread_in_native, id=17228, stack(0x000000b9db800000,0x000000b9db900000) (1024K)]
  0x0000026c0704df20 JavaThread "File watcher consumer"      daemon [_thread_blocked, id=17944, stack(0x000000b9db900000,0x000000b9dba00000) (1024K)]
  0x0000026c07050e00 JavaThread "jar transforms"                    [_thread_blocked, id=18048, stack(0x000000b9dba00000,0x000000b9dbb00000) (1024K)]
  0x0000026c070515d0 JavaThread "jar transforms Thread 2"           [_thread_blocked, id=17148, stack(0x000000b9dbb00000,0x000000b9dbc00000) (1024K)]
  0x0000026c07051da0 JavaThread "jar transforms Thread 3"           [_thread_blocked, id=16776, stack(0x000000b9dbc00000,0x000000b9dbd00000) (1024K)]
  0x0000026c07052d40 JavaThread "Cache worker for checksums cache (C:\Users\vitor\OneDrive\Documentos\GitHub\Lumikids\Lumikids\app_lumikids\android\.gradle\9.1.0\checksums)"        [_thread_blocked, id=7884, stack(0x000000b9dbd00000,0x000000b9dbe00000) (1024K)]
  0x0000026c07053510 JavaThread "Cache worker for file content cache (C:\Users\vitor\.gradle\caches\9.1.0\fileContent)"        [_thread_blocked, id=17968, stack(0x000000b9dbe00000,0x000000b9dbf00000) (1024K)]
  0x0000026c07055450 JavaThread "Cache worker for cache directory md-supplier (C:\Users\vitor\.gradle\caches\9.1.0\md-supplier)"        [_thread_blocked, id=7400, stack(0x000000b9dbf00000,0x000000b9dc000000) (1024K)]
  0x0000026c07de8b60 JavaThread "Cache worker for cache directory md-rule (C:\Users\vitor\.gradle\caches\9.1.0\md-rule)"        [_thread_blocked, id=5720, stack(0x000000b9dc000000,0x000000b9dc100000) (1024K)]
  0x0000026c07de8390 JavaThread "jar transforms Thread 4"           [_thread_blocked, id=11776, stack(0x000000b9dc100000,0x000000b9dc200000) (1024K)]
  0x0000026c07de9b00 JavaThread "jar transforms Thread 5"           [_thread_blocked, id=15092, stack(0x000000b9dc200000,0x000000b9dc300000) (1024K)]
  0x0000026c07c74d10 JavaThread "jar transforms Thread 6"           [_thread_blocked, id=17056, stack(0x000000b9dc400000,0x000000b9dc500000) (1024K)]
  0x0000026c09693210 JavaThread "jar transforms Thread 7"           [_thread_blocked, id=14908, stack(0x000000b9dc500000,0x000000b9dc600000) (1024K)]
  0x0000026c09695150 JavaThread "jar transforms Thread 8"           [_thread_blocked, id=2456, stack(0x000000b9dc600000,0x000000b9dc700000) (1024K)]
  0x0000026c09692270 JavaThread "jar transforms Thread 9"           [_thread_blocked, id=12044, stack(0x000000b9dc700000,0x000000b9dc800000) (1024K)]
  0x0000026c09698800 JavaThread "jar transforms Thread 10"          [_thread_blocked, id=2376, stack(0x000000b9dc800000,0x000000b9dc900000) (1024K)]
  0x0000026c09697860 JavaThread "jar transforms Thread 11"          [_thread_blocked, id=16536, stack(0x000000b9dc900000,0x000000b9dca00000) (1024K)]
  0x0000026c0ad5ea10 JavaThread "jar transforms Thread 12"          [_thread_blocked, id=8352, stack(0x000000b9dca00000,0x000000b9dcb00000) (1024K)]
Total: 44

Other Threads:
=>0x0000026c7f3b0e50 VMThread "VM Thread"                           [id=15428, stack(0x000000b9d9300000,0x000000b9d9400000) (1024K)]
  0x0000026c7f276240 WatcherThread "VM Periodic Task Thread"        [id=1220, stack(0x000000b9d9200000,0x000000b9d9300000) (1024K)]
  0x0000026c4bebe9b0 WorkerThread "GC Thread#0"                     [id=18340, stack(0x000000b9d8d00000,0x000000b9d8e00000) (1024K)]
  0x0000026c0717a1a0 WorkerThread "GC Thread#1"                     [id=9868, stack(0x000000b9d9e00000,0x000000b9d9f00000) (1024K)]
  0x0000026c07b00640 WorkerThread "GC Thread#2"                     [id=15112, stack(0x000000b9d9f00000,0x000000b9da000000) (1024K)]
  0x0000026c0609f090 WorkerThread "GC Thread#3"                     [id=16612, stack(0x000000b9da900000,0x000000b9daa00000) (1024K)]
  0x0000026c060a0ec0 WorkerThread "GC Thread#4"                     [id=9712, stack(0x000000b9daa00000,0x000000b9dab00000) (1024K)]
  0x0000026c060a2450 WorkerThread "GC Thread#5"                     [id=17304, stack(0x000000b9dab00000,0x000000b9dac00000) (1024K)]
  0x0000026c060a1310 WorkerThread "GC Thread#6"                     [id=11240, stack(0x000000b9dac00000,0x000000b9dad00000) (1024K)]
  0x0000026c060a28a0 WorkerThread "GC Thread#7"                     [id=16572, stack(0x000000b9dad00000,0x000000b9dae00000) (1024K)]
  0x0000026c060a0620 WorkerThread "GC Thread#8"                     [id=11916, stack(0x000000b9dae00000,0x000000b9daf00000) (1024K)]
  0x0000026c060a1760 WorkerThread "GC Thread#9"                     [id=2636, stack(0x000000b9daf00000,0x000000b9db000000) (1024K)]
  0x0000026c4becc8b0 ConcurrentGCThread "G1 Main Marker"            [id=18016, stack(0x000000b9d8e00000,0x000000b9d8f00000) (1024K)]
  0x0000026c7f21c0a0 WorkerThread "G1 Conc#0"                       [id=11336, stack(0x000000b9d8f00000,0x000000b9d9000000) (1024K)]
  0x0000026c060a01d0 WorkerThread "G1 Conc#1"                       [id=16312, stack(0x000000b9db500000,0x000000b9db600000) (1024K)]
  0x0000026c09b6a480 WorkerThread "G1 Conc#2"                       [id=7084, stack(0x000000b9db600000,0x000000b9db700000) (1024K)]
  0x0000026c7f2691b0 ConcurrentGCThread "G1 Refine#0"               [id=18388, stack(0x000000b9d9000000,0x000000b9d9100000) (1024K)]
  0x0000026c7f269bc0 ConcurrentGCThread "G1 Service"                [id=14288, stack(0x000000b9d9100000,0x000000b9d9200000) (1024K)]
Total: 18

Threads with active compile tasks:
Total: 0

VM state: at safepoint (normal execution)

VM Mutex/Monitor currently owned by a thread:  ([mutex/lock_event])
[0x00007ffe88226368] Threads_lock - owner thread: 0x0000026c7f3b0e50
[0x00007ffe882264e8] Heap_lock - owner thread: 0x0000026c062a7650

Heap address: 0x0000000600000000, size: 8192 MB, Compressed Oops mode: Zero based, Oop shift amount: 3

CDS archive(s) mapped at: [0x0000000038000000-0x0000000038dd0000-0x0000000038dd0000), size 14483456, SharedBaseAddress: 0x0000000038000000, ArchiveRelocationMode: 1.
Compressed class space mapped at: 0x0000000039000000-0x0000000079000000, reserved size: 1073741824
UseCompressedClassPointers 1, UseCompactObjectHeaders 0
Narrow klass pointer bits 32, Max shift 3
Narrow klass base: 0x0000000038000000, Narrow klass shift: 0
Encoding Range: [0x0000000038000000 - 0x0000000138000000), (4294967296 bytes)
Klass Range:    [0x0000000038010000 - 0x0000000079000000), (1090453504 bytes)
Klass ID Range:  [65536 - 1090519033) (1090453497)
Protection zone: [0x0000000038000000 - 0x0000000038010000), (65536 bytes)

GC Precious Log:
 CardTable entry size: 512
 Card Set container configuration: InlinePtr #cards 4 size 8 Array Of Cards #cards 32 size 80 Howl #buckets 8 coarsen threshold 7372 Howl Bitmap #cards 1024 size 144 coarsen threshold 921 Card regions per heap region 1 cards per card region 8192
 CPUs: 12 total, 12 available
 Memory: 3856M
 Large Page Support: Disabled
 NUMA Support: Disabled
 Compressed Oops: Enabled (Zero based)
 Heap Region Size: 4M
 Heap Min Capacity: 8M
 Heap Initial Capacity: 64M
 Heap Max Capacity: 8G
 Pre-touch: Disabled
 Parallel Workers: 10
 Concurrent Workers: 3
 Concurrent Refinement Workers: 10
 Periodic GC: Disabled

Heap:
 garbage-first heap   total reserved 8388608K, committed 679936K, used 155000K [0x0000000600000000, 0x0000000800000000)
  region size 4096K, 12 young (49152K), 12 survivors (49152K)

Heap Regions: E=young(eden), S=young(survivor), O=old, HS=humongous(starts), HC=humongous(continues), CS=collection set, F=free, TAMS=top-at-mark-start, PB=parsable bottom
|   0|0x0000000600000000, 0x0000000600400000, 0x0000000600400000|100%|HS|  |TAMS 0x0000000600000000| PB 0x0000000600000000| Complete |  0
|   1|0x0000000600400000, 0x0000000600800000, 0x0000000600800000|100%| O|  |TAMS 0x0000000600400000| PB 0x0000000600400000| Untracked |  0
|   2|0x0000000600800000, 0x0000000600c00000, 0x0000000600c00000|100%| O|  |TAMS 0x0000000600800000| PB 0x0000000600800000| Untracked |  0
|   3|0x0000000600c00000, 0x0000000601000000, 0x0000000601000000|100%| O|  |TAMS 0x0000000600c00000| PB 0x0000000600c00000| Untracked |  0
|   4|0x0000000601000000, 0x0000000601400000, 0x0000000601400000|100%| O|  |TAMS 0x0000000601000000| PB 0x0000000601000000| Untracked |  0
|   5|0x0000000601400000, 0x0000000601800000, 0x0000000601800000|100%| O|  |TAMS 0x0000000601400000| PB 0x0000000601400000| Untracked |  0
|   6|0x0000000601800000, 0x0000000601c00000, 0x0000000601c00000|100%| O|  |TAMS 0x0000000601800000| PB 0x0000000601800000| Untracked |  0
|   7|0x0000000601c00000, 0x0000000602000000, 0x0000000602000000|100%| O|  |TAMS 0x0000000601c00000| PB 0x0000000601c00000| Untracked |  0
|   8|0x0000000602000000, 0x0000000602400000, 0x0000000602400000|100%| O|  |TAMS 0x0000000602000000| PB 0x0000000602000000| Untracked |  0
|   9|0x0000000602400000, 0x0000000602800000, 0x0000000602800000|100%| O|  |TAMS 0x0000000602400000| PB 0x0000000602400000| Untracked |  0
|  10|0x0000000602800000, 0x0000000602c00000, 0x0000000602c00000|100%| O|  |TAMS 0x0000000602800000| PB 0x0000000602800000| Untracked |  0
|  11|0x0000000602c00000, 0x0000000603000000, 0x0000000603000000|100%| O|  |TAMS 0x0000000602c00000| PB 0x0000000602c00000| Untracked |  0
|  12|0x0000000603000000, 0x0000000603400000, 0x0000000603400000|100%| O|  |TAMS 0x0000000603000000| PB 0x0000000603000000| Untracked |  0
|  13|0x0000000603400000, 0x0000000603800000, 0x0000000603800000|100%| O|  |TAMS 0x0000000603400000| PB 0x0000000603400000| Untracked |  0
|  14|0x0000000603800000, 0x0000000603c00000, 0x0000000603c00000|100%| O|  |TAMS 0x0000000603800000| PB 0x0000000603800000| Untracked |  0
|  15|0x0000000603c00000, 0x0000000604000000, 0x0000000604000000|100%| O|  |TAMS 0x0000000603c00000| PB 0x0000000603c00000| Untracked |  0
|  16|0x0000000604000000, 0x0000000604400000, 0x0000000604400000|100%| O|  |TAMS 0x0000000604000000| PB 0x0000000604000000| Untracked |  0
|  17|0x0000000604400000, 0x0000000604800000, 0x0000000604800000|100%| O|  |TAMS 0x0000000604400000| PB 0x0000000604400000| Untracked |  0
|  18|0x0000000604800000, 0x0000000604978ec0, 0x0000000604c00000| 36%| O|  |TAMS 0x0000000604800000| PB 0x0000000604800000| Untracked |  0
|  19|0x0000000604c00000, 0x0000000604c00000, 0x0000000605000000|  0%| F|  |TAMS 0x0000000604c00000| PB 0x0000000604c00000| Untracked |  0
|  20|0x0000000605000000, 0x0000000605400000, 0x0000000605400000|100%| O|  |TAMS 0x0000000605000000| PB 0x0000000605000000| Untracked |  0
|  21|0x0000000605400000, 0x0000000605800000, 0x0000000605800000|100%| O|  |TAMS 0x0000000605400000| PB 0x0000000605400000| Untracked |  0
|  22|0x0000000605800000, 0x0000000605c00000, 0x0000000605c00000|100%| O|  |TAMS 0x0000000605800000| PB 0x0000000605800000| Untracked |  0
|  23|0x0000000605c00000, 0x0000000606000000, 0x0000000606000000|100%| O|  |TAMS 0x0000000605c00000| PB 0x0000000605c00000| Untracked |  0
|  24|0x0000000606000000, 0x0000000606400000, 0x0000000606400000|100%| O|  |TAMS 0x0000000606000000| PB 0x0000000606000000| Untracked |  0
|  25|0x0000000606400000, 0x0000000606800000, 0x0000000606800000|100%| O|  |TAMS 0x0000000606400000| PB 0x0000000606400000| Untracked |  0
|  26|0x0000000606800000, 0x0000000606c00000, 0x0000000606c00000|100%| O|  |TAMS 0x0000000606800000| PB 0x0000000606800000| Untracked |  0
|  27|0x0000000606c00000, 0x0000000607000000, 0x0000000607000000|100%| O|  |TAMS 0x0000000606c00000| PB 0x0000000606c00000| Untracked |  0
|  28|0x0000000607000000, 0x0000000607000000, 0x0000000607400000|  0%| F|  |TAMS 0x0000000607000000| PB 0x0000000607000000| Untracked |  0
|  29|0x0000000607400000, 0x0000000607400000, 0x0000000607800000|  0%| F|  |TAMS 0x0000000607400000| PB 0x0000000607400000| Untracked |  0
|  30|0x0000000607800000, 0x0000000607800000, 0x0000000607c00000|  0%| F|  |TAMS 0x0000000607800000| PB 0x0000000607800000| Untracked |  0
|  31|0x0000000607c00000, 0x0000000607c00000, 0x0000000608000000|  0%| F|  |TAMS 0x0000000607c00000| PB 0x0000000607c00000| Untracked |  0
|  32|0x0000000608000000, 0x0000000608000000, 0x0000000608400000|  0%| F|  |TAMS 0x0000000608000000| PB 0x0000000608000000| Untracked |  0
|  33|0x0000000608400000, 0x0000000608400000, 0x0000000608800000|  0%| F|  |TAMS 0x0000000608400000| PB 0x0000000608400000| Untracked |  0
|  34|0x0000000608800000, 0x0000000608800000, 0x0000000608c00000|  0%| F|  |TAMS 0x0000000608800000| PB 0x0000000608800000| Untracked |  0
|  35|0x0000000608c00000, 0x0000000608c00000, 0x0000000609000000|  0%| F|  |TAMS 0x0000000608c00000| PB 0x0000000608c00000| Untracked |  0
|  36|0x0000000609000000, 0x0000000609000000, 0x0000000609400000|  0%| F|  |TAMS 0x0000000609000000| PB 0x0000000609000000| Untracked |  0
|  37|0x0000000609400000, 0x0000000609400000, 0x0000000609800000|  0%| F|  |TAMS 0x0000000609400000| PB 0x0000000609400000| Untracked |  0
|  38|0x0000000609800000, 0x0000000609800000, 0x0000000609c00000|  0%| F|  |TAMS 0x0000000609800000| PB 0x0000000609800000| Untracked |  0
|  39|0x0000000609c00000, 0x0000000609c00000, 0x000000060a000000|  0%| F|  |TAMS 0x0000000609c00000| PB 0x0000000609c00000| Untracked |  0
|  40|0x000000060a000000, 0x000000060a000000, 0x000000060a400000|  0%| F|  |TAMS 0x000000060a000000| PB 0x000000060a000000| Untracked |  0
|  41|0x000000060a400000, 0x000000060a400000, 0x000000060a800000|  0%| F|  |TAMS 0x000000060a400000| PB 0x000000060a400000| Untracked |  0
|  42|0x000000060a800000, 0x000000060a800000, 0x000000060ac00000|  0%| F|  |TAMS 0x000000060a800000| PB 0x000000060a800000| Untracked |  0
|  43|0x000000060ac00000, 0x000000060ac00000, 0x000000060b000000|  0%| F|  |TAMS 0x000000060ac00000| PB 0x000000060ac00000| Untracked |  0
|  44|0x000000060b000000, 0x000000060b000000, 0x000000060b400000|  0%| F|  |TAMS 0x000000060b000000| PB 0x000000060b000000| Untracked |  0
|  45|0x000000060b400000, 0x000000060b400000, 0x000000060b800000|  0%| F|  |TAMS 0x000000060b400000| PB 0x000000060b400000| Untracked |  0
|  46|0x000000060b800000, 0x000000060b800000, 0x000000060bc00000|  0%| F|  |TAMS 0x000000060b800000| PB 0x000000060b800000| Untracked |  0
|  47|0x000000060bc00000, 0x000000060bc00000, 0x000000060c000000|  0%| F|  |TAMS 0x000000060bc00000| PB 0x000000060bc00000| Untracked |  0
|  48|0x000000060c000000, 0x000000060c000000, 0x000000060c400000|  0%| F|  |TAMS 0x000000060c000000| PB 0x000000060c000000| Untracked |  0
|  49|0x000000060c400000, 0x000000060c400000, 0x000000060c800000|  0%| F|  |TAMS 0x000000060c400000| PB 0x000000060c400000| Untracked |  0
|  50|0x000000060c800000, 0x000000060c800000, 0x000000060cc00000|  0%| F|  |TAMS 0x000000060c800000| PB 0x000000060c800000| Untracked |  0
|  51|0x000000060cc00000, 0x000000060cc00000, 0x000000060d000000|  0%| F|  |TAMS 0x000000060cc00000| PB 0x000000060cc00000| Untracked |  0
|  52|0x000000060d000000, 0x000000060d000000, 0x000000060d400000|  0%| F|  |TAMS 0x000000060d000000| PB 0x000000060d000000| Untracked |  0
|  53|0x000000060d400000, 0x000000060d400000, 0x000000060d800000|  0%| F|  |TAMS 0x000000060d400000| PB 0x000000060d400000| Untracked |  0
|  54|0x000000060d800000, 0x000000060d800000, 0x000000060dc00000|  0%| F|  |TAMS 0x000000060d800000| PB 0x000000060d800000| Untracked |  0
|  55|0x000000060dc00000, 0x000000060dde54c0, 0x000000060e000000| 47%| S|CS|TAMS 0x000000060dc00000| PB 0x000000060dc00000| Complete |  0
|  56|0x000000060e000000, 0x000000060e400000, 0x000000060e400000|100%| S|CS|TAMS 0x000000060e000000| PB 0x000000060e000000| Complete |  0
|  57|0x000000060e400000, 0x000000060e800000, 0x000000060e800000|100%| S|CS|TAMS 0x000000060e400000| PB 0x000000060e400000| Complete |  0
|  58|0x000000060e800000, 0x000000060ec00000, 0x000000060ec00000|100%| S|CS|TAMS 0x000000060e800000| PB 0x000000060e800000| Complete |  0
|  59|0x000000060ec00000, 0x000000060f000000, 0x000000060f000000|100%| S|CS|TAMS 0x000000060ec00000| PB 0x000000060ec00000| Complete |  0
|  60|0x000000060f000000, 0x000000060f400000, 0x000000060f400000|100%| S|CS|TAMS 0x000000060f000000| PB 0x000000060f000000| Complete |  0
|  61|0x000000060f400000, 0x000000060f800000, 0x000000060f800000|100%| S|CS|TAMS 0x000000060f400000| PB 0x000000060f400000| Complete |  0
|  62|0x000000060f800000, 0x000000060f800000, 0x000000060fc00000|  0%| F|  |TAMS 0x000000060f800000| PB 0x000000060f800000| Untracked |  0
|  63|0x000000060fc00000, 0x000000060fc00000, 0x0000000610000000|  0%| F|  |TAMS 0x000000060fc00000| PB 0x000000060fc00000| Untracked |  0
|  64|0x0000000610000000, 0x0000000610000000, 0x0000000610400000|  0%| F|  |TAMS 0x0000000610000000| PB 0x0000000610000000| Untracked |  0
|  65|0x0000000610400000, 0x0000000610400000, 0x0000000610800000|  0%| F|  |TAMS 0x0000000610400000| PB 0x0000000610400000| Untracked |  0
|  66|0x0000000610800000, 0x0000000610800000, 0x0000000610c00000|  0%| F|  |TAMS 0x0000000610800000| PB 0x0000000610800000| Untracked |  0
|  67|0x0000000610c00000, 0x0000000611000000, 0x0000000611000000|100%| S|CS|TAMS 0x0000000610c00000| PB 0x0000000610c00000| Complete |  0
|  68|0x0000000611000000, 0x0000000611400000, 0x0000000611400000|100%| S|CS|TAMS 0x0000000611000000| PB 0x0000000611000000| Complete |  0
|  69|0x0000000611400000, 0x0000000611800000, 0x0000000611800000|100%| S|CS|TAMS 0x0000000611400000| PB 0x0000000611400000| Complete |  0
|  70|0x0000000611800000, 0x0000000611c00000, 0x0000000611c00000|100%| S|CS|TAMS 0x0000000611800000| PB 0x0000000611800000| Complete |  0
|  71|0x0000000611c00000, 0x0000000612000000, 0x0000000612000000|100%| S|CS|TAMS 0x0000000611c00000| PB 0x0000000611c00000| Complete |  0
|  72|0x0000000612000000, 0x0000000612000000, 0x0000000612400000|  0%| F|  |TAMS 0x0000000612000000| PB 0x0000000612000000| Untracked |  0
|  73|0x0000000612400000, 0x0000000612400000, 0x0000000612800000|  0%| F|  |TAMS 0x0000000612400000| PB 0x0000000612400000| Untracked |  0
|  74|0x0000000612800000, 0x0000000612800000, 0x0000000612c00000|  0%| F|  |TAMS 0x0000000612800000| PB 0x0000000612800000| Untracked |  0
|  75|0x0000000612c00000, 0x0000000612c00000, 0x0000000613000000|  0%| F|  |TAMS 0x0000000612c00000| PB 0x0000000612c00000| Untracked |  0
|  76|0x0000000613000000, 0x0000000613000000, 0x0000000613400000|  0%| F|  |TAMS 0x0000000613000000| PB 0x0000000613000000| Untracked |  0
|  77|0x0000000613400000, 0x0000000613400000, 0x0000000613800000|  0%| F|  |TAMS 0x0000000613400000| PB 0x0000000613400000| Untracked |  0
|  78|0x0000000613800000, 0x0000000613800000, 0x0000000613c00000|  0%| F|  |TAMS 0x0000000613800000| PB 0x0000000613800000| Untracked |  0
|  79|0x0000000613c00000, 0x0000000613c00000, 0x0000000614000000|  0%| F|  |TAMS 0x0000000613c00000| PB 0x0000000613c00000| Untracked |  0
|  80|0x0000000614000000, 0x0000000614000000, 0x0000000614400000|  0%| F|  |TAMS 0x0000000614000000| PB 0x0000000614000000| Untracked |  0
|  81|0x0000000614400000, 0x0000000614400000, 0x0000000614800000|  0%| F|  |TAMS 0x0000000614400000| PB 0x0000000614400000| Untracked |  0
|  82|0x0000000614800000, 0x0000000614800000, 0x0000000614c00000|  0%| F|  |TAMS 0x0000000614800000| PB 0x0000000614800000| Untracked |  0
|  83|0x0000000614c00000, 0x0000000614c00000, 0x0000000615000000|  0%| F|  |TAMS 0x0000000614c00000| PB 0x0000000614c00000| Untracked |  0
|  84|0x0000000615000000, 0x0000000615000000, 0x0000000615400000|  0%| F|  |TAMS 0x0000000615000000| PB 0x0000000615000000| Untracked |  0
|  85|0x0000000615400000, 0x0000000615400000, 0x0000000615800000|  0%| F|  |TAMS 0x0000000615400000| PB 0x0000000615400000| Untracked |  0
|  86|0x0000000615800000, 0x0000000615800000, 0x0000000615c00000|  0%| F|  |TAMS 0x0000000615800000| PB 0x0000000615800000| Untracked |  0
|  87|0x0000000615c00000, 0x0000000615c00000, 0x0000000616000000|  0%| F|  |TAMS 0x0000000615c00000| PB 0x0000000615c00000| Untracked |  0
|  88|0x0000000616000000, 0x0000000616000000, 0x0000000616400000|  0%| F|  |TAMS 0x0000000616000000| PB 0x0000000616000000| Untracked |  0
|  89|0x0000000616400000, 0x0000000616400000, 0x0000000616800000|  0%| F|  |TAMS 0x0000000616400000| PB 0x0000000616400000| Untracked |  0
|  90|0x0000000616800000, 0x0000000616800000, 0x0000000616c00000|  0%| F|  |TAMS 0x0000000616800000| PB 0x0000000616800000| Untracked |  0
|  91|0x0000000616c00000, 0x0000000616c00000, 0x0000000617000000|  0%| F|  |TAMS 0x0000000616c00000| PB 0x0000000616c00000| Untracked |  0
|  92|0x0000000617000000, 0x0000000617000000, 0x0000000617400000|  0%| F|  |TAMS 0x0000000617000000| PB 0x0000000617000000| Untracked |  0
|  93|0x0000000617400000, 0x0000000617400000, 0x0000000617800000|  0%| F|  |TAMS 0x0000000617400000| PB 0x0000000617400000| Untracked |  0
|  94|0x0000000617800000, 0x0000000617800000, 0x0000000617c00000|  0%| F|  |TAMS 0x0000000617800000| PB 0x0000000617800000| Untracked |  0
|  95|0x0000000617c00000, 0x0000000617c00000, 0x0000000618000000|  0%| F|  |TAMS 0x0000000617c00000| PB 0x0000000617c00000| Untracked |  0
|  96|0x0000000618000000, 0x0000000618000000, 0x0000000618400000|  0%| F|  |TAMS 0x0000000618000000| PB 0x0000000618000000| Untracked |  0
|  97|0x0000000618400000, 0x0000000618400000, 0x0000000618800000|  0%| F|  |TAMS 0x0000000618400000| PB 0x0000000618400000| Untracked |  0
|  98|0x0000000618800000, 0x0000000618800000, 0x0000000618c00000|  0%| F|  |TAMS 0x0000000618800000| PB 0x0000000618800000| Untracked |  0
|  99|0x0000000618c00000, 0x0000000618c00000, 0x0000000619000000|  0%| F|  |TAMS 0x0000000618c00000| PB 0x0000000618c00000| Untracked |  0
| 100|0x0000000619000000, 0x0000000619000000, 0x0000000619400000|  0%| F|  |TAMS 0x0000000619000000| PB 0x0000000619000000| Untracked |  0
| 101|0x0000000619400000, 0x0000000619400000, 0x0000000619800000|  0%| F|  |TAMS 0x0000000619400000| PB 0x0000000619400000| Untracked |  0
| 102|0x0000000619800000, 0x0000000619800000, 0x0000000619c00000|  0%| F|  |TAMS 0x0000000619800000| PB 0x0000000619800000| Untracked |  0
| 103|0x0000000619c00000, 0x0000000619c00000, 0x000000061a000000|  0%| F|  |TAMS 0x0000000619c00000| PB 0x0000000619c00000| Untracked |  0
| 104|0x000000061a000000, 0x000000061a000000, 0x000000061a400000|  0%| F|  |TAMS 0x000000061a000000| PB 0x000000061a000000| Untracked |  0
| 105|0x000000061a400000, 0x000000061a400000, 0x000000061a800000|  0%| F|  |TAMS 0x000000061a400000| PB 0x000000061a400000| Untracked |  0
| 106|0x000000061a800000, 0x000000061a800000, 0x000000061ac00000|  0%| F|  |TAMS 0x000000061a800000| PB 0x000000061a800000| Untracked |  0
| 107|0x000000061ac00000, 0x000000061ac00000, 0x000000061b000000|  0%| F|  |TAMS 0x000000061ac00000| PB 0x000000061ac00000| Untracked |  0
| 108|0x000000061b000000, 0x000000061b000000, 0x000000061b400000|  0%| F|  |TAMS 0x000000061b000000| PB 0x000000061b000000| Untracked |  0
| 109|0x000000061b400000, 0x000000061b400000, 0x000000061b800000|  0%| F|  |TAMS 0x000000061b400000| PB 0x000000061b400000| Untracked |  0
| 110|0x000000061b800000, 0x000000061b800000, 0x000000061bc00000|  0%| F|  |TAMS 0x000000061b800000| PB 0x000000061b800000| Untracked |  0
| 111|0x000000061bc00000, 0x000000061bc00000, 0x000000061c000000|  0%| F|  |TAMS 0x000000061bc00000| PB 0x000000061bc00000| Untracked |  0
| 112|0x000000061c000000, 0x000000061c000000, 0x000000061c400000|  0%| F|  |TAMS 0x000000061c000000| PB 0x000000061c000000| Untracked |  0
| 113|0x000000061c400000, 0x000000061c400000, 0x000000061c800000|  0%| F|  |TAMS 0x000000061c400000| PB 0x000000061c400000| Untracked |  0
| 114|0x000000061c800000, 0x000000061c800000, 0x000000061cc00000|  0%| F|  |TAMS 0x000000061c800000| PB 0x000000061c800000| Untracked |  0
| 115|0x000000061cc00000, 0x000000061cc00000, 0x000000061d000000|  0%| F|  |TAMS 0x000000061cc00000| PB 0x000000061cc00000| Untracked |  0
| 116|0x000000061d000000, 0x000000061d000000, 0x000000061d400000|  0%| F|  |TAMS 0x000000061d000000| PB 0x000000061d000000| Untracked |  0
| 117|0x000000061d400000, 0x000000061d400000, 0x000000061d800000|  0%| F|  |TAMS 0x000000061d400000| PB 0x000000061d400000| Untracked |  0
| 118|0x000000061d800000, 0x000000061d800000, 0x000000061dc00000|  0%| F|  |TAMS 0x000000061d800000| PB 0x000000061d800000| Untracked |  0
| 119|0x000000061dc00000, 0x000000061dc00000, 0x000000061e000000|  0%| F|  |TAMS 0x000000061dc00000| PB 0x000000061dc00000| Untracked |  0
| 120|0x000000061e000000, 0x000000061e000000, 0x000000061e400000|  0%| F|  |TAMS 0x000000061e000000| PB 0x000000061e000000| Untracked |  0
| 121|0x000000061e400000, 0x000000061e400000, 0x000000061e800000|  0%| F|  |TAMS 0x000000061e400000| PB 0x000000061e400000| Untracked |  0
| 122|0x000000061e800000, 0x000000061e800000, 0x000000061ec00000|  0%| F|  |TAMS 0x000000061e800000| PB 0x000000061e800000| Untracked |  0
| 123|0x000000061ec00000, 0x000000061ec00000, 0x000000061f000000|  0%| F|  |TAMS 0x000000061ec00000| PB 0x000000061ec00000| Untracked |  0
| 124|0x000000061f000000, 0x000000061f000000, 0x000000061f400000|  0%| F|  |TAMS 0x000000061f000000| PB 0x000000061f000000| Untracked |  0
| 125|0x000000061f400000, 0x000000061f400000, 0x000000061f800000|  0%| F|  |TAMS 0x000000061f400000| PB 0x000000061f400000| Untracked |  0
| 126|0x000000061f800000, 0x000000061f800000, 0x000000061fc00000|  0%| F|  |TAMS 0x000000061f800000| PB 0x000000061f800000| Untracked |  0
| 127|0x000000061fc00000, 0x000000061fc00000, 0x0000000620000000|  0%| F|  |TAMS 0x000000061fc00000| PB 0x000000061fc00000| Untracked |  0
| 128|0x0000000620000000, 0x0000000620000000, 0x0000000620400000|  0%| F|  |TAMS 0x0000000620000000| PB 0x0000000620000000| Untracked |  0
| 129|0x0000000620400000, 0x0000000620400000, 0x0000000620800000|  0%| F|  |TAMS 0x0000000620400000| PB 0x0000000620400000| Untracked |  0
| 130|0x0000000620800000, 0x0000000620800000, 0x0000000620c00000|  0%| F|  |TAMS 0x0000000620800000| PB 0x0000000620800000| Untracked |  0
| 131|0x0000000620c00000, 0x0000000620c00000, 0x0000000621000000|  0%| F|  |TAMS 0x0000000620c00000| PB 0x0000000620c00000| Untracked |  0
| 132|0x0000000621000000, 0x0000000621000000, 0x0000000621400000|  0%| F|  |TAMS 0x0000000621000000| PB 0x0000000621000000| Untracked |  0
| 133|0x0000000621400000, 0x0000000621400000, 0x0000000621800000|  0%| F|  |TAMS 0x0000000621400000| PB 0x0000000621400000| Untracked |  0
| 134|0x0000000621800000, 0x0000000621800000, 0x0000000621c00000|  0%| F|  |TAMS 0x0000000621800000| PB 0x0000000621800000| Untracked |  0
| 135|0x0000000621c00000, 0x0000000621c00000, 0x0000000622000000|  0%| F|  |TAMS 0x0000000621c00000| PB 0x0000000621c00000| Untracked |  0
| 136|0x0000000622000000, 0x0000000622000000, 0x0000000622400000|  0%| F|  |TAMS 0x0000000622000000| PB 0x0000000622000000| Untracked |  0
| 137|0x0000000622400000, 0x0000000622400000, 0x0000000622800000|  0%| F|  |TAMS 0x0000000622400000| PB 0x0000000622400000| Untracked |  0
| 138|0x0000000622800000, 0x0000000622800000, 0x0000000622c00000|  0%| F|  |TAMS 0x0000000622800000| PB 0x0000000622800000| Untracked |  0
| 139|0x0000000622c00000, 0x0000000622c00000, 0x0000000623000000|  0%| F|  |TAMS 0x0000000622c00000| PB 0x0000000622c00000| Untracked |  0
| 140|0x0000000623000000, 0x0000000623000000, 0x0000000623400000|  0%| F|  |TAMS 0x0000000623000000| PB 0x0000000623000000| Untracked |  0
| 141|0x0000000623400000, 0x0000000623400000, 0x0000000623800000|  0%| F|  |TAMS 0x0000000623400000| PB 0x0000000623400000| Untracked |  0
| 142|0x0000000623800000, 0x0000000623800000, 0x0000000623c00000|  0%| F|  |TAMS 0x0000000623800000| PB 0x0000000623800000| Untracked |  0
| 143|0x0000000623c00000, 0x0000000623c00000, 0x0000000624000000|  0%| F|  |TAMS 0x0000000623c00000| PB 0x0000000623c00000| Untracked |  0
| 144|0x0000000624000000, 0x0000000624000000, 0x0000000624400000|  0%| F|  |TAMS 0x0000000624000000| PB 0x0000000624000000| Untracked |  0
| 145|0x0000000624400000, 0x0000000624400000, 0x0000000624800000|  0%| F|  |TAMS 0x0000000624400000| PB 0x0000000624400000| Untracked |  0
| 146|0x0000000624800000, 0x0000000624800000, 0x0000000624c00000|  0%| F|  |TAMS 0x0000000624800000| PB 0x0000000624800000| Untracked |  0
| 147|0x0000000624c00000, 0x0000000624c00000, 0x0000000625000000|  0%| F|  |TAMS 0x0000000624c00000| PB 0x0000000624c00000| Untracked |  0
| 148|0x0000000625000000, 0x0000000625000000, 0x0000000625400000|  0%| F|  |TAMS 0x0000000625000000| PB 0x0000000625000000| Untracked |  0
| 149|0x0000000625400000, 0x0000000625400000, 0x0000000625800000|  0%| F|  |TAMS 0x0000000625400000| PB 0x0000000625400000| Untracked |  0
| 150|0x0000000625800000, 0x0000000625800000, 0x0000000625c00000|  0%| F|  |TAMS 0x0000000625800000| PB 0x0000000625800000| Untracked |  0
| 151|0x0000000625c00000, 0x0000000625c00000, 0x0000000626000000|  0%| F|  |TAMS 0x0000000625c00000| PB 0x0000000625c00000| Untracked |  0
| 152|0x0000000626000000, 0x0000000626000000, 0x0000000626400000|  0%| F|  |TAMS 0x0000000626000000| PB 0x0000000626000000| Untracked |  0
| 153|0x0000000626400000, 0x0000000626400000, 0x0000000626800000|  0%| F|  |TAMS 0x0000000626400000| PB 0x0000000626400000| Untracked |  0
| 154|0x0000000626800000, 0x0000000626800000, 0x0000000626c00000|  0%| F|  |TAMS 0x0000000626800000| PB 0x0000000626800000| Untracked |  0
| 155|0x0000000626c00000, 0x0000000626c00000, 0x0000000627000000|  0%| F|  |TAMS 0x0000000626c00000| PB 0x0000000626c00000| Untracked |  0
| 156|0x0000000627000000, 0x0000000627000000, 0x0000000627400000|  0%| F|  |TAMS 0x0000000627000000| PB 0x0000000627000000| Untracked |  0
| 157|0x0000000627400000, 0x0000000627400000, 0x0000000627800000|  0%| F|  |TAMS 0x0000000627400000| PB 0x0000000627400000| Untracked |  0
| 158|0x0000000627800000, 0x0000000627800000, 0x0000000627c00000|  0%| F|  |TAMS 0x0000000627800000| PB 0x0000000627800000| Untracked |  0
| 159|0x0000000627c00000, 0x0000000627c00000, 0x0000000628000000|  0%| F|  |TAMS 0x0000000627c00000| PB 0x0000000627c00000| Untracked |  0
| 160|0x0000000628000000, 0x0000000628000000, 0x0000000628400000|  0%| F|  |TAMS 0x0000000628000000| PB 0x0000000628000000| Untracked |  0
| 161|0x0000000628400000, 0x0000000628400000, 0x0000000628800000|  0%| F|  |TAMS 0x0000000628400000| PB 0x0000000628400000| Untracked |  0
| 162|0x0000000628800000, 0x0000000628800000, 0x0000000628c00000|  0%| F|  |TAMS 0x0000000628800000| PB 0x0000000628800000| Untracked |  0
| 163|0x0000000628c00000, 0x0000000628c00000, 0x0000000629000000|  0%| F|  |TAMS 0x0000000628c00000| PB 0x0000000628c00000| Untracked |  0
| 164|0x0000000629000000, 0x0000000629000000, 0x0000000629400000|  0%| F|  |TAMS 0x0000000629000000| PB 0x0000000629000000| Untracked |  0
|2047|0x00000007ffc00000, 0x00000007ffc00000, 0x0000000800000000|  0%| F|  |TAMS 0x00000007ffc00000| PB 0x00000007ffc00000| Untracked |  0

Card table byte_map: [0x0000026c76180000,0x0000026c77180000] _byte_map_base: 0x0000026c73180000

Marking Bits: (CMBitMap*) 0x0000026c4bebf140
 Bits: [0x0000026c77180000, 0x0000026c7f180000)

Polling page: 0x0000026c4b5d0000

Metaspace:
Metaspace        used 75038K, committed 76736K, reserved 1179648K
 class space     used 8167K, committed 8960K, reserved 1048576K

Usage:
  Non-class:     65.30 MB used.
      Class:      7.98 MB used.
       Both:     73.28 MB used.

Virtual space:
  Non-class space:      128.00 MB reserved,      66.19 MB ( 52%) committed,  2 nodes.
      Class space:        1.00 GB reserved,       8.75 MB ( <1%) committed,  1 nodes.
             Both:        1.12 GB reserved,      74.94 MB (  7%) committed. 

Chunk freelists:
   Non-Class:  13.62 MB
       Class:  7.11 MB
        Both:  20.73 MB

MaxMetaspaceSize: 4.00 GB
CompressedClassSpaceSize: 1.00 GB
Initial GC threshold: 21.00 MB
Current GC threshold: 85.25 MB
CDS: on
 - commit_granule_bytes: 65536.
 - commit_granule_words: 8192.
 - virtual_space_node_default_size: 8388608.
 - enlarge_chunks_in_place: 1.
UseCompressedClassPointers 1, UseCompactObjectHeaders 0
Narrow klass pointer bits 32, Max shift 3
Narrow klass base: 0x0000000038000000, Narrow klass shift: 0
Encoding Range: [0x0000000038000000 - 0x0000000138000000), (4294967296 bytes)
Klass Range:    [0x0000000038010000 - 0x0000000079000000), (1090453504 bytes)
Klass ID Range:  [65536 - 1090519033) (1090453497)
Protection zone: [0x0000000038000000 - 0x0000000038010000), (65536 bytes)


Internal statistics:

num_allocs_failed_limit: 3.
num_arena_births: 2856.
num_arena_deaths: 14.
num_vsnodes_births: 3.
num_vsnodes_deaths: 0.
num_space_committed: 1199.
num_space_uncommitted: 0.
num_chunks_returned_to_freelist: 33.
num_chunks_taken_from_freelist: 5846.
num_chunk_merges: 4.
num_chunk_splits: 4090.
num_chunks_enlarged: 2924.
num_inconsistent_stats: 0.

CodeHeap 'non-profiled nmethods': size=259328Kb used=6871Kb max_used=6871Kb free=252457Kb
 bounds [0x0000026c64bc0000, 0x0000026c65280000, 0x0000026c74900000]
CodeHeap 'profiled nmethods': size=259264Kb used=17159Kb max_used=17159Kb free=242105Kb
 bounds [0x0000026c54900000, 0x0000026c559d0000, 0x0000026c64630000]
CodeHeap 'non-nmethods': size=5696Kb used=2010Kb max_used=2121Kb free=3685Kb
 bounds [0x0000026c64630000, 0x0000026c648a0000, 0x0000026c64bc0000]
CodeCache: size=524288Kb, used=26040Kb, max_used=26151Kb, free=498247Kb
 total_blobs=11347, nmethods=10484, adapters=765, full_count=0
Compilation: enabled, stopped_count=0, restarted_count=0

Compilation events (20 events):
Event: 50.756 Thread 0x0000026c7f400b90 nmethod 12418 0x0000026c559b8d88 code [0x0000026c559b8e80, 0x0000026c559b90a0]
Event: 50.756 Thread 0x0000026c7f400b90 12419       3       org.jetbrains.kotlin.container.CacheKt::getRegistrations$lambda$2 (75 bytes)
Event: 50.757 Thread 0x0000026c7f400b90 nmethod 12419 0x0000026c559b9108 code [0x0000026c559b9200, 0x0000026c559bb3f0]
Event: 50.757 Thread 0x0000026c7f400b90 12421       3       kotlin.jvm.JvmClassMappingKt::getAnnotationClass (28 bytes)
Event: 50.757 Thread 0x0000026c7f400b90 nmethod 12421 0x0000026c559bb488 code [0x0000026c559bb580, 0x0000026c559bcf88]
Event: 50.757 Thread 0x0000026c7f400b90 12422       3       kotlin.jvm.JvmClassMappingKt::getKotlinClass (11 bytes)
Event: 50.757 Thread 0x0000026c7f400b90 nmethod 12422 0x0000026c559bd008 code [0x0000026c559bd100, 0x0000026c559be098]
Event: 50.757 Thread 0x0000026c7f400b90 12423       3       org.jetbrains.kotlin.com.intellij.util.SmartList::add (94 bytes)
Event: 50.757 Thread 0x0000026c7f400b90 nmethod 12423 0x0000026c559be108 code [0x0000026c559be200, 0x0000026c559be9a0]
Event: 50.757 Thread 0x0000026c7f400b90 12424       3       org.jetbrains.kotlin.container.CacheKt::collectInterfacesRecursive (139 bytes)
Event: 50.758 Thread 0x0000026c7f400b90 nmethod 12424 0x0000026c559bea08 code [0x0000026c559beb00, 0x0000026c559bff48]
Event: 50.760 Thread 0x0000026c7f3f77d0 nmethod 12420 0x0000026c65274388 code [0x0000026c65274480, 0x0000026c65275050]
Event: 50.760 Thread 0x0000026c7f3f77d0 12425       4       java.util.concurrent.ConcurrentHashMap::put (8 bytes)
Event: 50.760 Thread 0x0000026c7f3f77d0 nmethod 12425 0x0000026c65275088 code [0x0000026c65275180, 0x0000026c65275228]
Event: 50.763 Thread 0x0000026c7f400b90 12426       3       kotlin.reflect.jvm.internal.impl.name.FqNameUnsafe::indexOfLastDotWithBackticksSupport (71 bytes)
Event: 50.763 Thread 0x0000026c7f400b90 nmethod 12426 0x0000026c559bff88 code [0x0000026c559c0080, 0x0000026c559c0ab8]
Event: 50.767 Thread 0x0000026c7f400b90 12427       3       kotlin.reflect.jvm.internal.impl.name.ClassId::asSingleFqName (60 bytes)
Event: 50.767 Thread 0x0000026c7f400b90 nmethod 12427 0x0000026c559c0b08 code [0x0000026c559c0c00, 0x0000026c559c1bf0]
Event: 50.777 Thread 0x0000026c7f3f77d0 12428       4       org.jetbrains.kotlin.name.ClassId$Companion::topLevel (22 bytes)
Event: 50.780 Thread 0x0000026c7f3f77d0 nmethod 12428 0x0000026c65275388 code [0x0000026c65275480, 0x0000026c65275b98]

GC Heap Usage History (20 events):
Event: 39.689 {heap After GC invocations=80 (full 0):
 garbage-first heap   total reserved 8388608K, committed 495616K, used 84902K [0x0000000600000000, 0x0000000800000000)
  region size 4096K, 4 young (16384K), 4 survivors (16384K)
}
Event: 40.284 {heap Before GC invocations=80 (full 0):
 garbage-first heap   total reserved 8388608K, committed 495616K, used 363430K [0x0000000600000000, 0x0000000800000000)
  region size 4096K, 72 young (294912K), 4 survivors (16384K)
}
Event: 40.308 {heap After GC invocations=81 (full 0):
 garbage-first heap   total reserved 8388608K, committed 495616K, used 86782K [0x0000000600000000, 0x0000000800000000)
  region size 4096K, 5 young (20480K), 5 survivors (20480K)
}
Event: 41.892 {heap Before GC invocations=81 (full 0):
 garbage-first heap   total reserved 8388608K, committed 495616K, used 369406K [0x0000000600000000, 0x0000000800000000)
  region size 4096K, 72 young (294912K), 5 survivors (20480K)
}
Event: 41.909 {heap After GC invocations=82 (full 0):
 garbage-first heap   total reserved 8388608K, committed 495616K, used 113980K [0x0000000600000000, 0x0000000800000000)
  region size 4096K, 9 young (36864K), 9 survivors (36864K)
}
Event: 42.133 {heap Before GC invocations=82 (full 0):
 garbage-first heap   total reserved 8388608K, committed 495616K, used 372028K [0x0000000600000000, 0x0000000800000000)
  region size 4096K, 72 young (294912K), 9 survivors (36864K)
}
Event: 42.155 {heap After GC invocations=83 (full 0):
 garbage-first heap   total reserved 8388608K, committed 679936K, used 120165K [0x0000000600000000, 0x0000000800000000)
  region size 4096K, 2 young (8192K), 2 survivors (8192K)
}
Event: 42.959 {heap Before GC invocations=83 (full 0):
 garbage-first heap   total reserved 8388608K, committed 679936K, used 517477K [0x0000000600000000, 0x0000000800000000)
  region size 4096K, 99 young (405504K), 2 survivors (8192K)
}
Event: 42.968 {heap After GC invocations=84 (full 0):
 garbage-first heap   total reserved 8388608K, committed 679936K, used 121112K [0x0000000600000000, 0x0000000800000000)
  region size 4096K, 2 young (8192K), 2 survivors (8192K)
}
Event: 44.190 {heap Before GC invocations=84 (full 0):
 garbage-first heap   total reserved 8388608K, committed 679936K, used 518424K [0x0000000600000000, 0x0000000800000000)
  region size 4096K, 99 young (405504K), 2 survivors (8192K)
}
Event: 44.201 {heap After GC invocations=85 (full 0):
 garbage-first heap   total reserved 8388608K, committed 679936K, used 125664K [0x0000000600000000, 0x0000000800000000)
  region size 4096K, 4 young (16384K), 4 survivors (16384K)
}
Event: 46.346 {heap Before GC invocations=85 (full 0):
 garbage-first heap   total reserved 8388608K, committed 679936K, used 514784K [0x0000000600000000, 0x0000000800000000)
  region size 4096K, 99 young (405504K), 4 survivors (16384K)
}
Event: 46.355 {heap After GC invocations=86 (full 0):
 garbage-first heap   total reserved 8388608K, committed 679936K, used 129313K [0x0000000600000000, 0x0000000800000000)
  region size 4096K, 4 young (16384K), 4 survivors (16384K)
}
Event: 46.717 {heap Before GC invocations=86 (full 0):
 garbage-first heap   total reserved 8388608K, committed 679936K, used 518433K [0x0000000600000000, 0x0000000800000000)
  region size 4096K, 99 young (405504K), 4 survivors (16384K)
}
Event: 46.729 {heap After GC invocations=87 (full 0):
 garbage-first heap   total reserved 8388608K, committed 679936K, used 135363K [0x0000000600000000, 0x0000000800000000)
  region size 4096K, 6 young (24576K), 6 survivors (24576K)
}
Event: 47.348 {heap Before GC invocations=87 (full 0):
 garbage-first heap   total reserved 8388608K, committed 679936K, used 516291K [0x0000000600000000, 0x0000000800000000)
  region size 4096K, 99 young (405504K), 6 survivors (24576K)
}
Event: 47.368 {heap After GC invocations=88 (full 0):
 garbage-first heap   total reserved 8388608K, committed 679936K, used 135671K [0x0000000600000000, 0x0000000800000000)
  region size 4096K, 8 young (32768K), 8 survivors (32768K)
}
Event: 48.152 {heap Before GC invocations=88 (full 0):
 garbage-first heap   total reserved 8388608K, committed 679936K, used 508407K [0x0000000600000000, 0x0000000800000000)
  region size 4096K, 99 young (405504K), 8 survivors (32768K)
}
Event: 48.224 {heap After GC invocations=89 (full 0):
 garbage-first heap   total reserved 8388608K, committed 679936K, used 134671K [0x0000000600000000, 0x0000000800000000)
  region size 4096K, 7 young (28672K), 7 survivors (28672K)
}
Event: 50.788 {heap Before GC invocations=89 (full 0):
 garbage-first heap   total reserved 8388608K, committed 679936K, used 511503K [0x0000000600000000, 0x0000000800000000)
  region size 4096K, 99 young (405504K), 7 survivors (28672K)
}

Metaspace Usage History (20 events):
Event: 39.689 {metaspace After GC invocations=80 (full 0):
 Metaspace       used 50678K, committed 52352K, reserved 1114112K
  class space    used 5630K, committed 6400K, reserved 1048576K
}
Event: 40.284 {metaspace Before GC invocations=80 (full 0):
 Metaspace       used 50689K, committed 52352K, reserved 1114112K
  class space    used 5630K, committed 6400K, reserved 1048576K
}
Event: 40.308 {metaspace After GC invocations=81 (full 0):
 Metaspace       used 50689K, committed 52352K, reserved 1114112K
  class space    used 5630K, committed 6400K, reserved 1048576K
}
Event: 41.892 {metaspace Before GC invocations=81 (full 0):
 Metaspace       used 52076K, committed 53696K, reserved 1114112K
  class space    used 5740K, committed 6528K, reserved 1048576K
}
Event: 41.909 {metaspace After GC invocations=82 (full 0):
 Metaspace       used 52076K, committed 53696K, reserved 1114112K
  class space    used 5740K, committed 6528K, reserved 1048576K
}
Event: 42.133 {metaspace Before GC invocations=82 (full 0):
 Metaspace       used 52176K, committed 53760K, reserved 1114112K
  class space    used 5741K, committed 6528K, reserved 1048576K
}
Event: 42.155 {metaspace After GC invocations=83 (full 0):
 Metaspace       used 52176K, committed 53760K, reserved 1114112K
  class space    used 5741K, committed 6528K, reserved 1048576K
}
Event: 42.959 {metaspace Before GC invocations=83 (full 0):
 Metaspace       used 54443K, committed 56000K, reserved 1114112K
  class space    used 5924K, committed 6656K, reserved 1048576K
}
Event: 42.968 {metaspace After GC invocations=84 (full 0):
 Metaspace       used 54443K, committed 56000K, reserved 1114112K
  class space    used 5924K, committed 6656K, reserved 1048576K
}
Event: 44.190 {metaspace Before GC invocations=84 (full 0):
 Metaspace       used 54450K, committed 56000K, reserved 1114112K
  class space    used 5924K, committed 6656K, reserved 1048576K
}
Event: 44.201 {metaspace After GC invocations=85 (full 0):
 Metaspace       used 54450K, committed 56000K, reserved 1114112K
  class space    used 5924K, committed 6656K, reserved 1048576K
}
Event: 46.346 {metaspace Before GC invocations=85 (full 0):
 Metaspace       used 54513K, committed 56064K, reserved 1114112K
  class space    used 5926K, committed 6656K, reserved 1048576K
}
Event: 46.355 {metaspace After GC invocations=86 (full 0):
 Metaspace       used 54513K, committed 56064K, reserved 1114112K
  class space    used 5926K, committed 6656K, reserved 1048576K
}
Event: 46.717 {metaspace Before GC invocations=86 (full 0):
 Metaspace       used 54518K, committed 56064K, reserved 1114112K
  class space    used 5926K, committed 6656K, reserved 1048576K
}
Event: 46.729 {metaspace After GC invocations=87 (full 0):
 Metaspace       used 54518K, committed 56064K, reserved 1114112K
  class space    used 5926K, committed 6656K, reserved 1048576K
}
Event: 47.348 {metaspace Before GC invocations=87 (full 0):
 Metaspace       used 54555K, committed 56256K, reserved 1114112K
  class space    used 5932K, committed 6720K, reserved 1048576K
}
Event: 47.368 {metaspace After GC invocations=88 (full 0):
 Metaspace       used 54555K, committed 56256K, reserved 1114112K
  class space    used 5932K, committed 6720K, reserved 1048576K
}
Event: 48.152 {metaspace Before GC invocations=88 (full 0):
 Metaspace       used 54647K, committed 56320K, reserved 1114112K
  class space    used 5932K, committed 6720K, reserved 1048576K
}
Event: 48.224 {metaspace After GC invocations=89 (full 0):
 Metaspace       used 54647K, committed 56320K, reserved 1114112K
  class space    used 5932K, committed 6720K, reserved 1048576K
}
Event: 50.788 {metaspace Before GC invocations=89 (full 0):
 Metaspace       used 75038K, committed 76736K, reserved 1179648K
  class space    used 8167K, committed 8960K, reserved 1048576K
}

Dll operation events (14 events):
Event: 0.106 Loaded shared library C:\Program Files\Eclipse Adoptium\jdk-25.0.1.8-hotspot\bin\java.dll
Event: 0.247 Loaded shared library C:\Program Files\Eclipse Adoptium\jdk-25.0.1.8-hotspot\bin\zip.dll
Event: 0.278 Loaded shared library C:\Program Files\Eclipse Adoptium\jdk-25.0.1.8-hotspot\bin\instrument.dll
Event: 0.311 Loaded shared library C:\Program Files\Eclipse Adoptium\jdk-25.0.1.8-hotspot\bin\net.dll
Event: 0.334 Loaded shared library C:\Program Files\Eclipse Adoptium\jdk-25.0.1.8-hotspot\bin\nio.dll
Event: 0.343 Loaded shared library C:\Program Files\Eclipse Adoptium\jdk-25.0.1.8-hotspot\bin\zip.dll
Event: 1.052 Loaded shared library C:\Program Files\Eclipse Adoptium\jdk-25.0.1.8-hotspot\bin\jimage.dll
Event: 2.200 Loaded shared library C:\Program Files\Eclipse Adoptium\jdk-25.0.1.8-hotspot\bin\verify.dll
Event: 2.270 Loaded shared library C:\Users\vitor\.gradle\native\1def1411415f61bf3af743bc5b6707747c0891f09f0c88961ee8f79bc544acac\windows-amd64\native-platform.dll
Event: 2.368 Loaded shared library C:\Users\vitor\.gradle\native\0.2.8\x86_64-windows-gnu\gradle-fileevents.dll
Event: 3.510 Loaded shared library C:\Program Files\Eclipse Adoptium\jdk-25.0.1.8-hotspot\bin\management.dll
Event: 3.517 Loaded shared library C:\Program Files\Eclipse Adoptium\jdk-25.0.1.8-hotspot\bin\management_ext.dll
Event: 3.678 Loaded shared library C:\Program Files\Eclipse Adoptium\jdk-25.0.1.8-hotspot\bin\extnet.dll
Event: 4.837 Loaded shared library C:\Program Files\Eclipse Adoptium\jdk-25.0.1.8-hotspot\bin\sunmscapi.dll

Deoptimization events (20 events):
Event: 50.567 Thread 0x0000026c062a7650 Uncommon trap: trap_request=0xffffffc6 fr.pc=0x0000026c650966e4 relative=0x00000000000001e4
Event: 50.567 Thread 0x0000026c062a7650 Uncommon trap: reason=bimorphic_or_optimized_type_check action=maybe_recompile pc=0x0000026c650966e4 method=org.jetbrains.kotlin.protobuf.CodedInputStream.tryRefillBuffer(I)Z @ 177 c2
Event: 50.567 Thread 0x0000026c062a7650 DEOPT PACKING pc=0x0000026c650966e4 sp=0x000000b9da6f3fb0
Event: 50.567 Thread 0x0000026c062a7650 DEOPT UNPACKING pc=0x0000026c64750802 sp=0x000000b9da6f3f20 mode 2
Event: 50.572 Thread 0x0000026c062a7650 Uncommon trap: trap_request=0xfffffff4 fr.pc=0x0000026c652108dc relative=0x0000000000000c5c
Event: 50.572 Thread 0x0000026c062a7650 Uncommon trap: reason=null_check action=make_not_entrant pc=0x0000026c652108dc method=org.jetbrains.kotlin.protobuf.ExtensionRegistryLite.findLiteExtensionByNumber(Lorg/jetbrains/kotlin/protobuf/MessageLite;I)Lorg/jetbrains/kotlin/protobuf/GeneratedMessag
Event: 50.572 Thread 0x0000026c062a7650 DEOPT PACKING pc=0x0000026c652108dc sp=0x000000b9da6f3ba0
Event: 50.572 Thread 0x0000026c062a7650 DEOPT UNPACKING pc=0x0000026c64750802 sp=0x000000b9da6f3a98 mode 2
Event: 50.572 Thread 0x0000026c062a7650 Uncommon trap: trap_request=0xffffff45 fr.pc=0x0000026c65097484 relative=0x0000000000000084
Event: 50.572 Thread 0x0000026c062a7650 Uncommon trap: reason=unstable_if action=reinterpret pc=0x0000026c65097484 method=org.jetbrains.kotlin.protobuf.ByteString$Output.flushLastBuffer()V @ 16 c2
Event: 50.572 Thread 0x0000026c062a7650 DEOPT PACKING pc=0x0000026c65097484 sp=0x000000b9da6f3c40
Event: 50.572 Thread 0x0000026c062a7650 DEOPT UNPACKING pc=0x0000026c64750802 sp=0x000000b9da6f3bd0 mode 2
Event: 50.572 Thread 0x0000026c062a7650 Uncommon trap: trap_request=0xffffff45 fr.pc=0x0000026c65096ce4 relative=0x0000000000000064
Event: 50.572 Thread 0x0000026c062a7650 Uncommon trap: reason=unstable_if action=reinterpret pc=0x0000026c65096ce4 method=org.jetbrains.kotlin.protobuf.ByteString.copyFrom(Ljava/lang/Iterable;)Lorg/jetbrains/kotlin/protobuf/ByteString; @ 66 c2
Event: 50.572 Thread 0x0000026c062a7650 DEOPT PACKING pc=0x0000026c65096ce4 sp=0x000000b9da6f3c40
Event: 50.572 Thread 0x0000026c062a7650 DEOPT UNPACKING pc=0x0000026c64750802 sp=0x000000b9da6f3bc0 mode 2
Event: 50.572 Thread 0x0000026c062a7650 Uncommon trap: trap_request=0xfffffff4 fr.pc=0x0000026c651bf8b0 relative=0x00000000000002b0
Event: 50.572 Thread 0x0000026c062a7650 Uncommon trap: reason=null_check action=make_not_entrant pc=0x0000026c651bf8b0 method=org.jetbrains.kotlin.protobuf.ExtensionRegistryLite.findLiteExtensionByNumber(Lorg/jetbrains/kotlin/protobuf/MessageLite;I)Lorg/jetbrains/kotlin/protobuf/GeneratedMessag
Event: 50.572 Thread 0x0000026c062a7650 DEOPT PACKING pc=0x0000026c651bf8b0 sp=0x000000b9da6f3ae0
Event: 50.572 Thread 0x0000026c062a7650 DEOPT UNPACKING pc=0x0000026c64750802 sp=0x000000b9da6f3a90 mode 2

Classes loaded (20 events):
Event: 50.204 Loading class java/nio/charset/IllegalCharsetNameException
Event: 50.204 Loading class java/nio/charset/IllegalCharsetNameException done
Event: 50.204 Loading class sun/nio/cs/MS1251
Event: 50.205 Loading class sun/nio/cs/MS1251 done
Event: 50.237 Loading class java/util/PrimitiveIterator$OfInt
Event: 50.237 Loading class java/util/PrimitiveIterator
Event: 50.237 Loading class java/util/PrimitiveIterator done
Event: 50.237 Loading class java/util/PrimitiveIterator$OfInt done
Event: 50.332 Loading class java/beans/PropertyChangeSupport
Event: 50.333 Loading class java/beans/PropertyChangeSupport done
Event: 50.333 Loading class java/beans/PropertyChangeSupport$PropertyChangeListenerMap
Event: 50.333 Loading class java/beans/ChangeListenerMap
Event: 50.333 Loading class java/beans/ChangeListenerMap done
Event: 50.333 Loading class java/beans/PropertyChangeSupport$PropertyChangeListenerMap done
Event: 50.333 Loading class java/beans/PropertyChangeListener
Event: 50.333 Loading class java/beans/PropertyChangeListener done
Event: 50.457 Loading class java/util/regex/Pattern$Bound
Event: 50.458 Loading class java/util/regex/Pattern$Bound done
Event: 50.499 Loading class java/util/function/IntUnaryOperator
Event: 50.499 Loading class java/util/function/IntUnaryOperator done

Classes unloaded (20 events):
Event: 24.384 Thread 0x0000026c7f3b0e50 Unloading class 0x0000000039633800 '_BuildScript_'
Event: 24.384 Thread 0x0000026c7f3b0e50 Unloading class 0x00000000396318f0 '_BuildScript_$_run_closure1$_closure2'
Event: 24.384 Thread 0x0000026c7f3b0e50 Unloading class 0x0000000039631500 '_BuildScript_$_run_closure1'
Event: 24.384 Thread 0x0000026c7f3b0e50 Unloading class 0x0000000039631000 '_BuildScript_'
Event: 24.384 Thread 0x0000026c7f3b0e50 Unloading class 0x000000003962f3f8 '_BuildScript_$_run_closure1$_closure2$_closure3$_closure4'
Event: 24.384 Thread 0x0000026c7f3b0e50 Unloading class 0x000000003962f000 '_BuildScript_$_run_closure1$_closure2$_closure3'
Event: 24.384 Thread 0x0000026c7f3b0e50 Unloading class 0x000000003962e8f0 '_BuildScript_$_run_closure1$_closure2'
Event: 24.384 Thread 0x0000026c7f3b0e50 Unloading class 0x000000003962e500 '_BuildScript_$_run_closure1'
Event: 24.384 Thread 0x0000026c7f3b0e50 Unloading class 0x000000003962e000 '_BuildScript_'
Event: 24.384 Thread 0x0000026c7f3b0e50 Unloading class 0x000000003962c3f8 '_BuildScript_$_run_closure1$_closure2$_closure4$_closure5'
Event: 24.384 Thread 0x0000026c7f3b0e50 Unloading class 0x000000003962c000 '_BuildScript_$_run_closure1$_closure2$_closure4'
Event: 24.384 Thread 0x0000026c7f3b0e50 Unloading class 0x000000003962ac00 '_BuildScript_$_run_closure1$_closure2$_closure3'
Event: 24.384 Thread 0x0000026c7f3b0e50 Unloading class 0x000000003962b8f0 '_BuildScript_$_run_closure1$_closure2'
Event: 24.384 Thread 0x0000026c7f3b0e50 Unloading class 0x000000003962b500 '_BuildScript_$_run_closure1'
Event: 24.384 Thread 0x0000026c7f3b0e50 Unloading class 0x000000003962b000 '_BuildScript_'
Event: 24.384 Thread 0x0000026c7f3b0e50 Unloading class 0x00000000396253f8 '_BuildScript_$_run_closure1$_closure2$_closure3$_closure4'
Event: 24.384 Thread 0x0000026c7f3b0e50 Unloading class 0x0000000039625000 '_BuildScript_$_run_closure1$_closure2$_closure3'
Event: 24.384 Thread 0x0000026c7f3b0e50 Unloading class 0x00000000396248f0 '_BuildScript_$_run_closure1$_closure2'
Event: 24.384 Thread 0x0000026c7f3b0e50 Unloading class 0x0000000039624500 '_BuildScript_$_run_closure1'
Event: 24.384 Thread 0x0000026c7f3b0e50 Unloading class 0x0000000039624000 '_BuildScript_'

Classes redefined (0 events):
No events

Internal exceptions (20 events):
Event: 49.646 Thread 0x0000026c062a7650 Exception <a 'java/lang/NoSuchMethodError'{0x000000061af4cdf0}: 'void java.lang.invoke.DelegatingMethodHandle$Holder.reinvoke_L(java.lang.Object, java.lang.Object, java.lang.Object, long, java.lang.Object)'> (0x000000061af4cdf0) 
thrown [s\src\hotspot\share\interpreter\linkResolver.cpp, line 804]
Event: 49.647 Thread 0x0000026c062a7650 Exception <a 'java/lang/NoSuchMethodError'{0x000000061af5f068}: 'java.lang.Object java.lang.invoke.DirectMethodHandle$Holder.invokeSpecial(java.lang.Object, java.lang.Object, java.lang.Object, java.lang.Object, long)'> (0x000000061af5f068) 
thrown [s\src\hotspot\share\interpreter\linkResolver.cpp, line 804]
Event: 49.648 Thread 0x0000026c062a7650 Exception <a 'java/lang/NoSuchMethodError'{0x000000061af81660}: 'int java.lang.invoke.DelegatingMethodHandle$Holder.reinvoke_L(java.lang.Object, java.lang.Object, java.lang.Object, long, java.lang.Object, java.lang.Object)'> (0x000000061af81660) 
thrown [s\src\hotspot\share\interpreter\linkResolver.cpp, line 804]
Event: 49.648 Thread 0x0000026c062a7650 Exception <a 'java/lang/NoSuchMethodError'{0x000000061afa3878}: 'int java.lang.invoke.DelegatingMethodHandle$Holder.reinvoke_L(java.lang.Object, java.lang.Object, java.lang.Object, long, int, int)'> (0x000000061afa3878) 
thrown [s\src\hotspot\share\interpreter\linkResolver.cpp, line 804]
Event: 49.649 Thread 0x0000026c062a7650 Exception <a 'java/lang/NoSuchMethodError'{0x000000061afc58e0}: 'int java.lang.invoke.DelegatingMethodHandle$Holder.reinvoke_L(java.lang.Object, java.lang.Object, java.lang.Object, long, long, long)'> (0x000000061afc58e0) 
thrown [s\src\hotspot\share\interpreter\linkResolver.cpp, line 804]
Event: 49.650 Thread 0x0000026c062a7650 Exception <a 'java/lang/NoSuchMethodError'{0x000000061afe7750}: 'int java.lang.invoke.DelegatingMethodHandle$Holder.reinvoke_L(java.lang.Object, java.lang.Object, java.lang.Object, long, int)'> (0x000000061afe7750) 
thrown [s\src\hotspot\share\interpreter\linkResolver.cpp, line 804]
Event: 49.650 Thread 0x0000026c062a7650 Exception <a 'java/lang/NoSuchMethodError'{0x000000061a809240}: 'long java.lang.invoke.DelegatingMethodHandle$Holder.reinvoke_L(java.lang.Object, java.lang.Object, java.lang.Object)'> (0x000000061a809240) 
thrown [s\src\hotspot\share\interpreter\linkResolver.cpp, line 804]
Event: 49.652 Thread 0x0000026c062a7650 Exception <a 'java/lang/NoSuchMethodError'{0x000000061a82b880}: 'void java.lang.invoke.DelegatingMethodHandle$Holder.reinvoke_L(java.lang.Object, java.lang.Object, java.lang.Object, long, java.lang.Object, long, long)'> (0x000000061a82b880) 
thrown [s\src\hotspot\share\interpreter\linkResolver.cpp, line 804]
Event: 49.653 Thread 0x0000026c062a7650 Exception <a 'java/lang/NoSuchMethodError'{0x000000061a83d548}: 'long java.lang.invoke.Invokers$Holder.invokeExact_MT(java.lang.Object, java.lang.Object, java.lang.Object)'> (0x000000061a83d548) 
thrown [s\src\hotspot\share\interpreter\linkResolver.cpp, line 804]
Event: 49.699 Thread 0x0000026c062a7650 Exception <a 'java/lang/NoSuchMethodError'{0x000000061ab5bec0}: 'java.lang.Object java.lang.invoke.DirectMethodHandle$Holder.invokeStatic(java.lang.Object, java.lang.Object, int, java.lang.Object, int)'> (0x000000061ab5bec0) 
thrown [s\src\hotspot\share\interpreter\linkResolver.cpp, line 804]
Event: 50.083 Thread 0x0000026c062a7650 Exception <a 'java/lang/NoSuchMethodError'{0x0000000618978818}: 'java.lang.Object java.lang.invoke.DirectMethodHandle$Holder.invokeStatic(java.lang.Object, java.lang.Object, java.lang.Object, java.lang.Object, int, java.lang.Object)'> (0x0000000618978818) 
thrown [s\src\hotspot\share\interpreter\linkResolver.cpp, line 804]
Event: 50.113 Thread 0x0000026c062a7650 Exception <a 'java/lang/NoSuchMethodError'{0x0000000618a90d98}: 'long java.lang.invoke.DelegatingMethodHandle$Holder.reinvoke_L(java.lang.Object, java.lang.Object, int)'> (0x0000000618a90d98) 
thrown [s\src\hotspot\share\interpreter\linkResolver.cpp, line 804]
Event: 50.114 Thread 0x0000026c062a7650 Exception <a 'java/lang/NoSuchMethodError'{0x0000000618aaa890}: 'java.lang.Object java.lang.invoke.DelegatingMethodHandle$Holder.reinvoke_L(java.lang.Object, int, long, java.lang.Object, java.lang.Object, int, java.lang.Object)'> (0x0000000618aaa890) 
thrown [s\src\hotspot\share\interpreter\linkResolver.cpp, line 804]
Event: 50.285 Thread 0x0000026c062a7650 Exception <a 'java/lang/NoSuchMethodError'{0x0000000617ad0f80}: 'java.lang.Object java.lang.invoke.Invokers$Holder.invokeExact_MT(java.lang.Object, java.lang.Object, long, java.lang.Object)'> (0x0000000617ad0f80) 
thrown [s\src\hotspot\share\interpreter\linkResolver.cpp, line 804]
Event: 50.340 Thread 0x0000026c062a7650 Exception <a 'java/lang/NoSuchMethodError'{0x00000006170a4e28}: 'java.lang.Object java.lang.invoke.DirectMethodHandle$Holder.invokeStatic(java.lang.Object, java.lang.Object, long, long)'> (0x00000006170a4e28) 
thrown [s\src\hotspot\share\interpreter\linkResolver.cpp, line 804]
Event: 50.345 Thread 0x0000026c062a7650 Exception <a 'java/lang/NoSuchMethodError'{0x0000000617108a40}: 'java.lang.Object java.lang.invoke.DirectMethodHandle$Holder.newInvokeSpecial(java.lang.Object, java.lang.Object, java.lang.Object, long)'> (0x0000000617108a40) 
thrown [s\src\hotspot\share\interpreter\linkResolver.cpp, line 804]
Event: 50.345 Thread 0x0000026c062a7650 Exception <a 'java/lang/NoSuchMethodError'{0x00000006171124e8}: 'java.lang.Object java.lang.invoke.Invokers$Holder.linkToTargetMethod(java.lang.Object, java.lang.Object, long, java.lang.Object)'> (0x00000006171124e8) 
thrown [s\src\hotspot\share\interpreter\linkResolver.cpp, line 804]
Event: 50.425 Thread 0x0000026c062a7650 Implicit null exception at 0x0000026c65256c04 to 0x0000026c65257010
Event: 50.572 Thread 0x0000026c062a7650 Implicit null exception at 0x0000026c6520fd90 to 0x0000026c652108b5
Event: 50.572 Thread 0x0000026c062a7650 Implicit null exception at 0x0000026c651bf710 to 0x0000026c651bf8a4

VM Operations (20 events):
Event: 48.224 Executing safepoint VM operation: G1CollectForAllocation (G1 Evacuation Pause) done
Event: 49.107 Executing non-safepoint VM operation: HandshakeAllThreads (Deoptimize)
Event: 49.107 Executing non-safepoint VM operation: HandshakeAllThreads (Deoptimize) done
Event: 49.694 Executing non-safepoint VM operation: HandshakeAllThreads (Deoptimize)
Event: 49.694 Executing non-safepoint VM operation: HandshakeAllThreads (Deoptimize) done
Event: 49.695 Executing non-safepoint VM operation: HandshakeAllThreads (Deoptimize)
Event: 49.695 Executing non-safepoint VM operation: HandshakeAllThreads (Deoptimize) done
Event: 50.202 Executing non-safepoint VM operation: HandshakeAllThreads (Deoptimize)
Event: 50.202 Executing non-safepoint VM operation: HandshakeAllThreads (Deoptimize) done
Event: 50.203 Executing non-safepoint VM operation: HandshakeAllThreads (Deoptimize)
Event: 50.203 Executing non-safepoint VM operation: HandshakeAllThreads (Deoptimize) done
Event: 50.246 Executing non-safepoint VM operation: HandshakeAllThreads (Deoptimize)
Event: 50.246 Executing non-safepoint VM operation: HandshakeAllThreads (Deoptimize) done
Event: 50.329 Executing non-safepoint VM operation: HandshakeAllThreads (Deoptimize)
Event: 50.329 Executing non-safepoint VM operation: HandshakeAllThreads (Deoptimize) done
Event: 50.400 Executing non-safepoint VM operation: HandshakeAllThreads (Deoptimize)
Event: 50.400 Executing non-safepoint VM operation: HandshakeAllThreads (Deoptimize) done
Event: 50.553 Executing non-safepoint VM operation: HandshakeAllThreads (Deoptimize)
Event: 50.553 Executing non-safepoint VM operation: HandshakeAllThreads (Deoptimize) done
Event: 50.788 Executing safepoint VM operation: G1CollectForAllocation (G1 Evacuation Pause)

Memory protections (0 events):
No events

Nmethod flushes (20 events):
Event: 31.983 Thread 0x0000026c7f3b0e50 flushing  nmethod 0x0000026c5505c608
Event: 31.983 Thread 0x0000026c7f3b0e50 flushing  nmethod 0x0000026c554db588
Event: 31.983 Thread 0x0000026c7f3b0e50 flushing  nmethod 0x0000026c55494f88
Event: 31.983 Thread 0x0000026c7f3b0e50 flushing  nmethod 0x0000026c54d66808
Event: 31.983 Thread 0x0000026c7f3b0e50 flushing  nmethod 0x0000026c5496e208
Event: 31.983 Thread 0x0000026c7f3b0e50 flushing  nmethod 0x0000026c54b2c188
Event: 31.983 Thread 0x0000026c7f3b0e50 flushing  nmethod 0x0000026c55430a08
Event: 31.983 Thread 0x0000026c7f3b0e50 flushing  nmethod 0x0000026c54a19c88
Event: 31.983 Thread 0x0000026c7f3b0e50 flushing  nmethod 0x0000026c5523c988
Event: 31.985 Thread 0x0000026c7f3b0e50 flushing  nmethod 0x0000026c55442988
Event: 31.985 Thread 0x0000026c7f3b0e50 flushing  nmethod 0x0000026c5548c088
Event: 31.985 Thread 0x0000026c7f3b0e50 flushing  nmethod 0x0000026c5548d908
Event: 31.985 Thread 0x0000026c7f3b0e50 flushing  nmethod 0x0000026c54c88b08
Event: 31.985 Thread 0x0000026c7f3b0e50 flushing  nmethod 0x0000026c54df7808
Event: 33.634 Thread 0x0000026c7f3b0e50 flushing  nmethod 0x0000026c54cd6088
Event: 33.634 Thread 0x0000026c7f3b0e50 flushing  nmethod 0x0000026c55430008
Event: 33.634 Thread 0x0000026c7f3b0e50 flushing  nmethod 0x0000026c55484508
Event: 33.634 Thread 0x0000026c7f3b0e50 flushing  nmethod 0x0000026c55484c08
Event: 35.343 Thread 0x0000026c7f3b0e50 flushing  nmethod 0x0000026c54ba2408
Event: 35.343 Thread 0x0000026c7f3b0e50 flushing  nmethod 0x0000026c549f4e08

Events (20 events):
Event: 15.203 Thread 0x0000026c062a7650 Thread added: 0x0000026c07de8b60
Event: 15.735 Thread 0x0000026c7f400b90 Thread added: 0x0000026c082bf250
Event: 15.865 Thread 0x0000026c082bf250 Thread exited: 0x0000026c082bf250
Event: 15.872 Thread 0x0000026c7f400b90 Thread added: 0x0000026c082bc1f0
Event: 16.652 Thread 0x0000026c082bc1f0 Thread exited: 0x0000026c082bc1f0
Event: 16.929 Thread 0x0000026c062a7650 Thread added: 0x0000026c07de8390
Event: 17.503 Thread 0x0000026c7f400b90 Thread added: 0x0000026c082c1aa0
Event: 17.721 Thread 0x0000026c082c1aa0 Thread exited: 0x0000026c082c1aa0
Event: 18.185 Thread 0x0000026c062a7650 Thread added: 0x0000026c07de9b00
Event: 18.737 Thread 0x0000026c7f400b90 Thread added: 0x0000026c082bf250
Event: 19.211 Thread 0x0000026c062a7650 Thread added: 0x0000026c07c74d10
Event: 20.069 Thread 0x0000026c062a7650 Thread added: 0x0000026c09693210
Event: 20.292 Thread 0x0000026c062a7650 Thread added: 0x0000026c09695150
Event: 20.376 Thread 0x0000026c062a7650 Thread added: 0x0000026c09692270
Event: 20.445 Thread 0x0000026c062a7650 Thread added: 0x0000026c09698800
Event: 20.520 Thread 0x0000026c062a7650 Thread added: 0x0000026c09697860
Event: 20.584 Thread 0x0000026c062a7650 Thread added: 0x0000026c0ad5ea10
Event: 21.182 Thread 0x0000026c082bf250 Thread exited: 0x0000026c082bf250
Event: 45.208 Thread 0x0000026c7f3f77d0 Thread added: 0x0000026c0871ee10
Event: 47.071 Thread 0x0000026c0871ee10 Thread exited: 0x0000026c0871ee10


Dynamic libraries:
0x00007ff6aabc0000 - 0x00007ff6aabce000 	C:\Program Files\Eclipse Adoptium\jdk-25.0.1.8-hotspot\bin\java.exe
0x00007fff5b3e0000 - 0x00007fff5b646000 	C:\WINDOWS\SYSTEM32\ntdll.dll
0x00007fff59fb0000 - 0x00007fff5a079000 	C:\WINDOWS\System32\KERNEL32.DLL
0x00007fff58d50000 - 0x00007fff5914a000 	C:\WINDOWS\System32\KERNELBASE.dll
0x00007fff58c00000 - 0x00007fff58d4c000 	C:\WINDOWS\System32\ucrtbase.dll
0x00007fff061f0000 - 0x00007fff0620e000 	C:\Program Files\Eclipse Adoptium\jdk-25.0.1.8-hotspot\bin\VCRUNTIME140.dll
0x00007ffeff280000 - 0x00007ffeff296000 	C:\Program Files\Eclipse Adoptium\jdk-25.0.1.8-hotspot\bin\jli.dll
0x00007fff59740000 - 0x00007fff59907000 	C:\WINDOWS\System32\USER32.dll
0x00007fff58bd0000 - 0x00007fff58bf7000 	C:\WINDOWS\System32\win32u.dll
0x00007fff43df0000 - 0x00007fff44082000 	C:\WINDOWS\WinSxS\amd64_microsoft.windows.common-controls_6595b64144ccf1df_6.0.26100.8521_none_3e08b75ce33403b3\COMCTL32.dll
0x00007fff59710000 - 0x00007fff5973b000 	C:\WINDOWS\System32\GDI32.dll
0x00007fff5a0a0000 - 0x00007fff5a149000 	C:\WINDOWS\System32\msvcrt.dll
0x00007fff58720000 - 0x00007fff5884b000 	C:\WINDOWS\System32\gdi32full.dll
0x00007fff58850000 - 0x00007fff588f3000 	C:\WINDOWS\System32\msvcp_win.dll
0x00007fff59150000 - 0x00007fff59182000 	C:\WINDOWS\System32\IMM32.DLL
0x00007fff219d0000 - 0x00007fff219dc000 	C:\Program Files\Eclipse Adoptium\jdk-25.0.1.8-hotspot\bin\vcruntime140_1.dll
0x00007ffeff1f0000 - 0x00007ffeff27d000 	C:\Program Files\Eclipse Adoptium\jdk-25.0.1.8-hotspot\bin\msvcp140.dll
0x00007ffe873f0000 - 0x00007ffe88316000 	C:\Program Files\Eclipse Adoptium\jdk-25.0.1.8-hotspot\bin\server\jvm.dll
0x00007fff5b180000 - 0x00007fff5b236000 	C:\WINDOWS\System32\ADVAPI32.dll
0x00007fff59660000 - 0x00007fff5970a000 	C:\WINDOWS\System32\sechost.dll
0x00007fff5b060000 - 0x00007fff5b178000 	C:\WINDOWS\System32\RPCRT4.dll
0x00007fff5a260000 - 0x00007fff5a2e0000 	C:\WINDOWS\System32\WS2_32.dll
0x00007fff584d0000 - 0x00007fff5852e000 	C:\WINDOWS\SYSTEM32\POWRPROF.dll
0x00007fff44950000 - 0x00007fff4495b000 	C:\WINDOWS\SYSTEM32\VERSION.dll
0x00007fff51340000 - 0x00007fff51376000 	C:\WINDOWS\SYSTEM32\WINMM.dll
0x00007fff584b0000 - 0x00007fff584c4000 	C:\WINDOWS\SYSTEM32\UMPDC.dll
0x00007fff57400000 - 0x00007fff5741b000 	C:\WINDOWS\SYSTEM32\kernel.appcore.dll
0x00007fff215b0000 - 0x00007fff215ba000 	C:\Program Files\Eclipse Adoptium\jdk-25.0.1.8-hotspot\bin\jimage.dll
0x00007fff44670000 - 0x00007fff448b2000 	C:\WINDOWS\SYSTEM32\DBGHELP.DLL
0x00007fff59990000 - 0x00007fff59d13000 	C:\WINDOWS\System32\combase.dll
0x00007fff59190000 - 0x00007fff59269000 	C:\WINDOWS\System32\OLEAUT32.dll
0x00007fff43700000 - 0x00007fff4373b000 	C:\WINDOWS\SYSTEM32\dbgcore.DLL
0x00007fff58670000 - 0x00007fff58718000 	C:\WINDOWS\System32\bcryptPrimitives.dll
0x00007fff1d820000 - 0x00007fff1d82f000 	C:\Program Files\Eclipse Adoptium\jdk-25.0.1.8-hotspot\bin\instrument.dll
0x00007ffefac60000 - 0x00007ffefac7e000 	C:\Program Files\Eclipse Adoptium\jdk-25.0.1.8-hotspot\bin\java.dll
0x00007fff59450000 - 0x00007fff595e8000 	C:\WINDOWS\System32\ole32.dll
0x00007fff5a2f0000 - 0x00007fff5aa74000 	C:\WINDOWS\System32\SHELL32.dll
0x00007fff56270000 - 0x00007fff56af0000 	C:\WINDOWS\SYSTEM32\windows.storage.dll
0x00007fff5a150000 - 0x00007fff5a246000 	C:\WINDOWS\System32\SHCORE.dll
0x00007fff595f0000 - 0x00007fff59657000 	C:\WINDOWS\System32\shlwapi.dll
0x00007fff58590000 - 0x00007fff585b9000 	C:\WINDOWS\SYSTEM32\profapi.dll
0x00007ffef8550000 - 0x00007ffef8567000 	C:\Program Files\Eclipse Adoptium\jdk-25.0.1.8-hotspot\bin\zip.dll
0x00007ffef7dd0000 - 0x00007ffef7de1000 	C:\Program Files\Eclipse Adoptium\jdk-25.0.1.8-hotspot\bin\net.dll
0x00007fff57970000 - 0x00007fff579dc000 	C:\WINDOWS\system32\mswsock.dll
0x00007ffef7770000 - 0x00007ffef7786000 	C:\Program Files\Eclipse Adoptium\jdk-25.0.1.8-hotspot\bin\nio.dll
0x00007fff1c9b0000 - 0x00007fff1c9c0000 	C:\Program Files\Eclipse Adoptium\jdk-25.0.1.8-hotspot\bin\verify.dll
0x00007ffeff330000 - 0x00007ffeff357000 	C:\Users\vitor\.gradle\native\1def1411415f61bf3af743bc5b6707747c0891f09f0c88961ee8f79bc544acac\windows-amd64\native-platform.dll
0x00007ffef6ec0000 - 0x00007ffef6f37000 	C:\Users\vitor\.gradle\native\0.2.8\x86_64-windows-gnu\gradle-fileevents.dll
0x00007fff06390000 - 0x00007fff0639a000 	C:\Program Files\Eclipse Adoptium\jdk-25.0.1.8-hotspot\bin\management.dll
0x00007ffeff1e0000 - 0x00007ffeff1ec000 	C:\Program Files\Eclipse Adoptium\jdk-25.0.1.8-hotspot\bin\management_ext.dll
0x00007fff5a090000 - 0x00007fff5a098000 	C:\WINDOWS\System32\PSAPI.DLL
0x00007fff56e00000 - 0x00007fff56e33000 	C:\WINDOWS\SYSTEM32\IPHLPAPI.DLL
0x00007fff5ab40000 - 0x00007fff5ab4a000 	C:\WINDOWS\System32\NSI.dll
0x00007ffefab90000 - 0x00007ffefab99000 	C:\Program Files\Eclipse Adoptium\jdk-25.0.1.8-hotspot\bin\extnet.dll
0x00007fff57c50000 - 0x00007fff57c6b000 	C:\WINDOWS\SYSTEM32\CRYPTSP.dll
0x00007fff57360000 - 0x00007fff57399000 	C:\WINDOWS\system32\rsaenh.dll
0x00007fff57a20000 - 0x00007fff57a53000 	C:\WINDOWS\SYSTEM32\USERENV.dll
0x00007fff58560000 - 0x00007fff5858a000 	C:\WINDOWS\SYSTEM32\bcrypt.dll
0x00007fff57c70000 - 0x00007fff57c7c000 	C:\WINDOWS\SYSTEM32\CRYPTBASE.dll
0x00007ffefa2b0000 - 0x00007ffefa2be000 	C:\Program Files\Eclipse Adoptium\jdk-25.0.1.8-hotspot\bin\sunmscapi.dll
0x00007fff58900000 - 0x00007fff58a78000 	C:\WINDOWS\System32\CRYPT32.dll
0x00007fff57e70000 - 0x00007fff57ea0000 	C:\WINDOWS\SYSTEM32\ncrypt.dll
0x00007fff57e20000 - 0x00007fff57e5f000 	C:\WINDOWS\SYSTEM32\NTASN1.dll
0x00007fff23010000 - 0x00007fff23018000 	C:\WINDOWS\system32\wshunix.dll
0x00007fff57520000 - 0x00007fff57556000 	C:\WINDOWS\SYSTEM32\ntmarta.dll

JVMTI agents:
C:\Users\vitor\.gradle\wrapper\dists\gradle-9.1.0-all\7wzd0jkjit61aq2p43wpjgij9\gradle-9.1.0\lib\agents\gradle-instrumentation-agent-9.1.0.jar path:C:\Program Files\Eclipse Adoptium\jdk-25.0.1.8-hotspot\bin\instrument.dll, loaded, initialized, instrumentlib options:none

dbghelp: loaded successfully - version: 4.0.5 - missing functions: none
symbol engine: initialized successfully - sym options: 0x614 - pdb path: .;C:\Program Files\Eclipse Adoptium\jdk-25.0.1.8-hotspot\bin;C:\WINDOWS\SYSTEM32;C:\WINDOWS\WinSxS\amd64_microsoft.windows.common-controls_6595b64144ccf1df_6.0.26100.8521_none_3e08b75ce33403b3;C:\Program Files\Eclipse Adoptium\jdk-25.0.1.8-hotspot\bin\server;C:\Users\vitor\.gradle\native\1def1411415f61bf3af743bc5b6707747c0891f09f0c88961ee8f79bc544acac\windows-amd64;C:\Users\vitor\.gradle\native\0.2.8\x86_64-windows-gnu

VM Arguments:
jvm_args: --add-opens=java.base/java.lang=ALL-UNNAMED --add-opens=java.base/java.lang.invoke=ALL-UNNAMED --add-opens=java.base/java.util=ALL-UNNAMED --add-opens=java.prefs/java.util.prefs=ALL-UNNAMED --add-exports=jdk.compiler/com.sun.tools.javac.api=ALL-UNNAMED --add-exports=jdk.compiler/com.sun.tools.javac.util=ALL-UNNAMED --add-opens=java.base/java.util=ALL-UNNAMED --add-opens=java.prefs/java.util.prefs=ALL-UNNAMED --add-opens=java.base/java.nio.charset=ALL-UNNAMED --add-opens=java.base/java.net=ALL-UNNAMED --add-opens=java.base/java.util.concurrent=ALL-UNNAMED --add-opens=java.base/java.util.concurrent.atomic=ALL-UNNAMED --add-opens=java.xml/javax.xml.namespace=ALL-UNNAMED --add-opens=java.base/java.time=ALL-UNNAMED --enable-native-access=ALL-UNNAMED -XX:MaxMetaspaceSize=4G -XX:ReservedCodeCacheSize=512m -XX:+HeapDumpOnOutOfMemoryError -Xmx8G -Dfile.encoding=UTF-8 -Duser.country=BR -Duser.language=pt -Duser.variant -javaagent:C:\Users\vitor\.gradle\wrapper\dists\gradle-9.1.0-all\7wzd0jkjit61aq2p43wpjgij9\gradle-9.1.0\lib\agents\gradle-instrumentation-agent-9.1.0.jar 
java_command: org.gradle.launcher.daemon.bootstrap.GradleDaemon 9.1.0
java_class_path (initial): C:\Users\vitor\.gradle\wrapper\dists\gradle-9.1.0-all\7wzd0jkjit61aq2p43wpjgij9\gradle-9.1.0\lib\gradle-daemon-main-9.1.0.jar
Launcher Type: SUN_STANDARD

[Global flags]
     intx CICompilerCount                          = 4                                         {product} {ergonomic}
     uint ConcGCThreads                            = 3                                         {product} {ergonomic}
     uint G1ConcRefinementThreads                  = 10                                        {product} {ergonomic}
   size_t G1HeapRegionSize                         = 4194304                                   {product} {ergonomic}
     bool HeapDumpOnOutOfMemoryError               = true                                   {manageable} {command line}
   size_t InitialHeapSize                          = 67108864                                  {product} {ergonomic}
   size_t MarkStackSize                            = 4194304                                   {product} {ergonomic}
   size_t MarkStackSizeMax                         = 536870912                                 {product} {ergonomic}
   size_t MaxHeapSize                              = 8589934592                                {product} {command line}
   size_t MaxMetaspaceSize                         = 4294967296                                {product} {command line}
   size_t MaxNewSize                               = 5150605312                                {product} {ergonomic}
   size_t MinHeapDeltaBytes                        = 4194304                                   {product} {ergonomic}
   size_t MinHeapSize                              = 8388608                                   {product} {ergonomic}
    uintx NonNMethodCodeHeapSize                   = 5832704                                {pd product} {ergonomic}
    uintx NonProfiledCodeHeapSize                  = 265551872                              {pd product} {ergonomic}
    uintx ProfiledCodeHeapSize                     = 265486336                              {pd product} {ergonomic}
    uintx ReservedCodeCacheSize                    = 536870912                              {pd product} {command line, ergonomic}
     bool SegmentedCodeCache                       = true                                      {product} {ergonomic}
   size_t SoftMaxHeapSize                          = 8589934592                             {manageable} {ergonomic}
     bool UseCompressedOops                        = true                           {product lp64_product} {ergonomic}
     bool UseG1GC                                  = true                                      {product} {ergonomic}
     bool UseLargePagesIndividualAllocation        = false                                  {pd product} {ergonomic}

Logging:
Log output configuration:
 #0: stdout all=warning uptime,level,tags foldmultilines=false
 #1: stderr all=off uptime,level,tags foldmultilines=false

Release file:
IMPLEMENTOR="Eclipse Adoptium" 
IMPLEMENTOR_VERSION="Temurin-25.0.1+8" 
JAVA_RUNTIME_VERSION="25.0.1+8-LTS" 
JAVA_VERSION="25.0.1" 
JAVA_VERSION_DATE="2025-10-21" 
LIBC="default" 
MODULES="java.base java.compiler java.datatransfer java.xml java.prefs java.desktop java.instrument java.logging java.management java.security.sasl java.naming java.rmi java.management.rmi java.net.http java.scripting java.security.jgss java.transaction.xa java.sql java.sql.rowset java.xml.crypto java.se java.smartcardio jdk.accessibility jdk.internal.jvmstat jdk.attach jdk.charsets jdk.internal.opt jdk.zipfs jdk.compiler jdk.crypto.cryptoki jdk.crypto.ec jdk.crypto.mscapi jdk.dynalink jdk.internal.ed jdk.editpad jdk.internal.vm.ci jdk.graal.compiler jdk.graal.compiler.management jdk.hotspot.agent jdk.httpserver jdk.incubator.vector jdk.internal.le jdk.internal.md jdk.jartool jdk.javadoc jdk.jcmd jdk.management jdk.management.agent jdk.jconsole jdk.jdeps jdk.jdwp.agent jdk.jdi jdk.jfr jdk.jlink jdk.jpackage jdk.jshell jdk.jsobject jdk.jstatd jdk.localedata jdk.management.jfr jdk.naming.dns jdk.naming.rmi jdk.net jdk.nio.mapmode jdk.sctp jdk.security.auth jdk.security.jgss jdk.unsupported jdk.unsupported.desktop jdk.xml.dom" 
OS_ARCH="x86_64" 
OS_NAME="Windows" 
SOURCE=".:git:61d6a2c1b35e" 
BUILD_SOURCE="git:839fa0b45d809157cffd3dc8515aad262a4a1776"
BUILD_SOURCE_REPO="https://github.com/adoptium/temurin-build.git"
SOURCE_REPO="https://github.com/adoptium/jdk25u.git"
FULL_VERSION="25.0.1+8-LTS"
SEMANTIC_VERSION="25.0.1+8"
BUILD_INFO="OS: Windows Server 2022 Version: 10.0"
JVM_VARIANT="Hotspot"
JVM_VERSION="25.0.1+8-LTS"
IMAGE_TYPE="JDK"

Environment Variables:
JAVA_HOME=C:\Program Files\Eclipse Adoptium\jdk-25.0.1.8-hotspot
PATH=C:\Program Files\Eclipse Adoptium\jdk-25.0.1.8-hotspot\bin;C:\WINDOWS\system32;C:\WINDOWS;C:\WINDOWS\System32\Wbem;C:\WINDOWS\System32\WindowsPowerShell\v1.0\;C:\WINDOWS\System32\OpenSSH\;C:\Program Files\nodejs\;C:\Program Files\Git\cmd;C:\Users\vitor\.local\bin;C:\Program Files\MySQL\MySQL Shell 8.0\bin\;C:\Users\vitor\AppData\Local\Microsoft\WindowsApps;C:\Users\vitor\AppData\Local\Programs\Microsoft VS Code\bin;C:\Users\vitor\AppData\Roaming\npm;C:\Program Files\Apache\Maven\apache-maven-3.9.11\bin;C:\Program Files\Eclipse Adoptium\jdk-25.0.1.8-hotspot\bin;C:\Program Files\MySQL\MySQL Server 8.0\bin;C:\Users\vitor\AppData\Local\GitHubDesktop\bin
USERNAME=vitor
OS=Windows_NT
PROCESSOR_IDENTIFIER=Intel64 Family 6 Model 151 Stepping 5, GenuineIntel
TMP=C:\Users\vitor\AppData\Local\Temp
TEMP=C:\Users\vitor\AppData\Local\Temp




Compilation memory statistics disabled.

Periodic native trim disabled

---------------  S Y S T E M  ---------------

OS:
 Windows 11 , 64 bit Build 26100 (10.0.26100.8521)
OS uptime: 0 days 4:24 hours

CPU: total 12 (initial active 12) (6 cores per cpu, 2 threads per core) family 6 model 151 stepping 5 microcode 0x2e, cx8, cmov, fxsr, ht, mmx, 3dnowpref, sse, sse2, sse3, ssse3, sse4.1, sse4.2, popcnt, lzcnt, tsc, tscinvbit, avx, avx2, aes, erms, clmul, bmi1, bmi2, adx, sha, fma, vzeroupper, clflush, clflushopt, clwb, serialize, rdtscp, rdpid, fsrm, gfni, f16c, pku, cet_ibt, cet_ss
Processor Information for the first 12 processors :
  Max Mhz: 2500, Current Mhz: 2500, Mhz Limit: 2500

Memory: 4k page, system-wide physical 3856M (219M free)
TotalPageFile size 15522M (AvailPageFile size 290M)
current process WorkingSet (physical memory assigned to process): 633M, peak: 692M
current process commit charge ("private bytes"): 933M, peak: 1341M

vm_info: OpenJDK 64-Bit Server VM (25.0.1+8-LTS) for windows-amd64 JRE (25.0.1+8-LTS), built on 2025-10-21T00:00:00Z with unknown MS VC++:1942

END.
